******************************************************************************
             TMS320C2000 Linker PC v18.1.8                     
******************************************************************************
>> Linked Tue Feb 15 22:21:27 2022

OUTPUT FILE NAME:   <Audio3.out>
ENTRY POINT SYMBOL: "_c_int00"  address: 0000a000


MEMORY CONFIGURATION

         name            origin    length      used     unused   attr    fill
----------------------  --------  ---------  --------  --------  ----  --------
PAGE 0:
  BEGIN                 00000000   00000002  00000002  00000000  RWIX
  RAMM0                 00000123   000003dd  00000004  000003d9  RWIX
  RAMLS0                00008000   00000800  000007fe  00000002  RWIX
  RAMLS1                00008800   00000800  000007fd  00000003  RWIX
  RAMLS2                00009000   00000800  00000800  00000000  RWIX
  RAMLS3                00009800   00000800  000007f9  00000007  RWIX
  RAMLS4                0000a000   00000800  0000019a  00000666  RWIX
  RAMD0                 0000b000   00000700  0000045f  000002a1  RWIX
  RESET                 003fffc0   00000002  00000000  00000002  RWIX

PAGE 1:
  BOOT_RSVD             00000002   00000121  00000000  00000121  RWIX
  RAMM1                 00000400   000003f8  00000200  000001f8  RWIX
  ADCARESULT            00000b00   00000018  00000018  00000000  RWIX
  ADCBRESULT            00000b20   00000018  00000018  00000000  RWIX
  ADCCRESULT            00000b40   00000018  00000018  00000000  RWIX
  ADCDRESULT            00000b60   00000018  00000018  00000000  RWIX
  CPUTIMER0             00000c00   00000008  00000008  00000000  RWIX
  CPUTIMER1             00000c08   00000008  00000008  00000000  RWIX
  CPUTIMER2             00000c10   00000008  00000008  00000000  RWIX
  PIECTRL               00000ce0   0000001a  0000001a  00000000  RWIX
  PIEVECTTABLE          00000d00   00000200  000001c0  00000040  RWIX
  DMA                   00001000   00000200  000000e0  00000120  RWIX
  CLA1                  00001400   00000080  0000003e  00000042  RWIX
  CLB1LOGICCFG          00003000   00000052  0000003e  00000014  RWIX
  CLB1LOGICCTRL         00003100   00000040  00000040  00000000  RWIX
  CLB1DATAEXCH          00003200   00000200  00000108  000000f8  RWIX
  CLB2LOGICCFG          00003400   00000052  0000003e  00000014  RWIX
  CLB2LOGICCTRL         00003500   00000040  00000040  00000000  RWIX
  CLB2DATAEXCH          00003600   00000200  00000108  000000f8  RWIX
  CLB3LOGICCFG          00003800   00000052  0000003e  00000014  RWIX
  CLB3LOGICCTRL         00003900   00000040  00000040  00000000  RWIX
  CLB3DATAEXCH          00003a00   00000200  00000108  000000f8  RWIX
  CLB4LOGICCFG          00003c00   00000052  0000003e  00000014  RWIX
  CLB4LOGICCTRL         00003d00   00000040  00000040  00000000  RWIX
  CLB4DATAEXCH          00003e00   00000200  00000108  000000f8  RWIX
  EPWM1                 00004000   00000100  00000100  00000000  RWIX
  EPWM2                 00004100   00000100  00000100  00000000  RWIX
  EPWM3                 00004200   00000100  00000100  00000000  RWIX
  EPWM4                 00004300   00000100  00000100  00000000  RWIX
  EPWM5                 00004400   00000100  00000100  00000000  RWIX
  EPWM6                 00004500   00000100  00000100  00000000  RWIX
  EPWM7                 00004600   00000100  00000100  00000000  RWIX
  EPWM8                 00004700   00000100  00000100  00000000  RWIX
  EPWM9                 00004800   00000100  00000100  00000000  RWIX
  EPWM10                00004900   00000100  00000100  00000000  RWIX
  EPWM11                00004a00   00000100  00000100  00000000  RWIX
  EPWM12                00004b00   00000100  00000100  00000000  RWIX
  ECAP1                 00005000   00000020  0000001a  00000006  RWIX
  ECAP2                 00005020   00000020  0000001a  00000006  RWIX
  ECAP3                 00005040   00000020  0000001a  00000006  RWIX
  ECAP4                 00005060   00000020  0000001a  00000006  RWIX
  ECAP5                 00005080   00000020  0000001a  00000006  RWIX
  ECAP6                 000050a0   00000020  0000001a  00000006  RWIX
  EQEP1                 00005100   00000022  00000022  00000000  RWIX
  EQEP2                 00005140   00000022  00000022  00000000  RWIX
  EQEP3                 00005180   00000022  00000022  00000000  RWIX
  DACA                  00005c00   00000008  00000007  00000001  RWIX
  DACB                  00005c10   00000008  00000007  00000001  RWIX
  DACC                  00005c20   00000008  00000007  00000001  RWIX
  CMPSS1                00005c80   00000020  0000001b  00000005  RWIX
  CMPSS2                00005ca0   00000020  0000001b  00000005  RWIX
  CMPSS3                00005cc0   00000020  0000001b  00000005  RWIX
  CMPSS4                00005ce0   00000020  0000001b  00000005  RWIX
  CMPSS5                00005d00   00000020  0000001b  00000005  RWIX
  CMPSS6                00005d20   00000020  0000001b  00000005  RWIX
  CMPSS7                00005d40   00000020  0000001b  00000005  RWIX
  CMPSS8                00005d60   00000020  0000001b  00000005  RWIX
  SDFM1                 00005e00   00000080  00000048  00000038  RWIX
  SDFM2                 00005e80   00000080  00000048  00000038  RWIX
  MCBSPA                00006000   00000024  00000024  00000000  RWIX
  MCBSPB                00006040   00000024  00000024  00000000  RWIX
  SPIA                  00006100   00000010  00000010  00000000  RWIX
  SPIB                  00006110   00000010  00000010  00000000  RWIX
  SPIC                  00006120   00000010  00000010  00000000  RWIX
  UPP                   00006200   00000048  00000048  00000000  RWIX
  WD                    00007000   0000002b  0000002b  00000000  RWIX
  NMIINTRUPT            00007060   00000007  00000007  00000000  RWIX
  XINT                  00007070   0000000b  0000000b  00000000  RWIX
  SCIA                  00007200   00000010  00000010  00000000  RWIX
  SCIB                  00007210   00000010  00000010  00000000  RWIX
  SCIC                  00007220   00000010  00000010  00000000  RWIX
  SCID                  00007230   00000010  00000010  00000000  RWIX
  I2CA                  00007300   00000022  00000022  00000000  RWIX
  I2CB                  00007340   00000022  00000022  00000000  RWIX
  ADCA                  00007400   00000080  0000007c  00000004  RWIX
  ADCB                  00007480   00000080  0000007c  00000004  RWIX
  ADCC                  00007500   00000080  0000007c  00000004  RWIX
  ADCD                  00007580   00000080  0000007c  00000004  RWIX
  INPUTXBAR             00007900   00000020  00000020  00000000  RWIX
  XBAR                  00007920   00000020  0000000e  00000012  RWIX
  SYNCSOC               00007940   00000006  00000006  00000000  RWIX
  DMACLASRCSEL          00007980   0000001a  0000001a  00000000  RWIX
  EPWMXBAR              00007a00   00000040  00000040  00000000  RWIX
  CLBXBAR               00007a40   00000040  00000040  00000000  RWIX
  OUTPUTXBAR            00007a80   00000040  00000040  00000000  RWIX
  GPIOCTRL              00007c00   00000180  00000180  00000000  RWIX
  GPIODATA              00007f00   00000030  00000030  00000000  RWIX
  RAMLS5                0000a800   00000800  0000069b  00000165  RWIX
  RAMD1                 0000b800   00000800  00000000  00000800  RWIX
  RAMGS0                0000c000   00001000  00000000  00001000  RWIX
  RAMGS1                0000d000   00001000  00000000  00001000  RWIX
  RAMGS2                0000e000   00001000  00000000  00001000  RWIX
  RAMGS3                0000f000   00001000  00000000  00001000  RWIX
  RAMGS4                00010000   00001000  00000000  00001000  RWIX
  RAMGS5                00011000   00006000  00005ea4  0000015c  RWIX
  EMIF1                 00047000   00000070  00000028  00000048  RWIX
  EMIF2                 00047800   00000070  00000028  00000048  RWIX
  CANA                  00048000   00000200  00000164  0000009c  RWIX
  CANA_MSG_RAM          00049000   00000800  00000000  00000800  RWIX
  CANB                  0004a000   00000200  00000164  0000009c  RWIX
  CANB_MSG_RAM          0004b000   00000800  00000000  00000800  RWIX
  FLASHPUMPSEMAPHORE    00050024   00000002  00000002  00000000  RWIX
  DEVCFG                0005d000   0000012e  0000012e  00000000  RWIX
  ANALOGSUBSYS          0005d180   00000048  0000003e  0000000a  RWIX
  CLKCFG                0005d200   00000032  00000032  00000000  RWIX
  CPUSYS                0005d300   00000082  00000082  00000000  RWIX
  ROMPREFETCH           0005e608   00000002  00000002  00000000  RWIX
  DCSMZ1                0005f000   00000023  00000022  00000001  RWIX
  DCSMZ2                0005f040   00000023  00000022  00000001  RWIX
  DCSMCOMMON            0005f070   00000008  00000006  00000002  RWIX
  MEMCFG                0005f400   00000080  00000076  0000000a  RWIX
  EMIF1CONFIG           0005f480   00000020  0000000a  00000016  RWIX
  EMIF2CONFIG           0005f4a0   00000020  0000000a  00000016  RWIX
  ACCESSPROTECTION      0005f4c0   00000040  0000002e  00000012  RWIX
  MEMORYERROR           0005f500   00000040  0000003a  00000006  RWIX
  ROMWAITSTATE          0005f540   00000002  00000002  00000000  RWIX
  FLASH0CTRL            0005f800   00000182  00000182  00000000  RWIX
  FLASH0ECC             0005fb00   00000028  00000028  00000000  RWIX
  FLASH1CTRL            0005fc00   00000182  00000182  00000000  RWIX
  FLASH1ECC             0005ff00   00000028  00000028  00000000  RWIX


SECTION ALLOCATION MAP

 output                                  attributes/
section   page    origin      length       input sections
--------  ----  ----------  ----------   ----------------
codestart 
*          0    00000000    00000002     
                  00000000    00000002     F2837xS_CodeStartBranch.obj (codestart)

.cinit     0    0000b000    0000045f     
                  0000b000    00000441     audio3Main.obj (.cinit)
                  0000b441    0000000e     rts2800_fpu32.lib : exit.c.obj (.cinit)
                  0000b44f    00000005                       : _lock.c.obj (.cinit:__lock)
                  0000b454    00000005                       : _lock.c.obj (.cinit:__unlock)
                  0000b459    00000004                       : errno.c.obj (.cinit)
                  0000b45d    00000002     --HOLE-- [fill = 0]

.reset     0    003fffc0    00000002     DSECT
                  003fffc0    00000002     rts2800_fpu32.lib : boot28.asm.obj (.reset)

.stack     1    00000400    00000200     UNINITIALIZED
                  00000400    00000200     --HOLE--

AdcaResultRegsFile 
*          1    00000b00    00000018     UNINITIALIZED
                  00000b00    00000018     F2837xS_GlobalVariableDefs.obj (AdcaResultRegsFile)

AdcbResultRegsFile 
*          1    00000b20    00000018     UNINITIALIZED
                  00000b20    00000018     F2837xS_GlobalVariableDefs.obj (AdcbResultRegsFile)

AdccResultRegsFile 
*          1    00000b40    00000018     UNINITIALIZED
                  00000b40    00000018     F2837xS_GlobalVariableDefs.obj (AdccResultRegsFile)

AdcdResultRegsFile 
*          1    00000b60    00000018     UNINITIALIZED
                  00000b60    00000018     F2837xS_GlobalVariableDefs.obj (AdcdResultRegsFile)

CpuTimer0RegsFile 
*          1    00000c00    00000008     UNINITIALIZED
                  00000c00    00000008     F2837xS_GlobalVariableDefs.obj (CpuTimer0RegsFile)

CpuTimer1RegsFile 
*          1    00000c08    00000008     UNINITIALIZED
                  00000c08    00000008     F2837xS_GlobalVariableDefs.obj (CpuTimer1RegsFile)

CpuTimer2RegsFile 
*          1    00000c10    00000008     UNINITIALIZED
                  00000c10    00000008     F2837xS_GlobalVariableDefs.obj (CpuTimer2RegsFile)

PieCtrlRegsFile 
*          1    00000ce0    0000001a     UNINITIALIZED
                  00000ce0    0000001a     F2837xS_GlobalVariableDefs.obj (PieCtrlRegsFile)

DmaRegsFile 
*          1    00001000    000000e0     UNINITIALIZED
                  00001000    000000e0     F2837xS_GlobalVariableDefs.obj (DmaRegsFile)

Cla1RegsFile 
*          1    00001400    0000003e     UNINITIALIZED
                  00001400    0000003e     F2837xS_GlobalVariableDefs.obj (Cla1RegsFile)

Clb1LogicCfgRegsFile 
*          1    00003000    0000003e     UNINITIALIZED
                  00003000    0000003e     F2837xS_GlobalVariableDefs.obj (Clb1LogicCfgRegsFile)

Clb1LogicCtrlRegsFile 
*          1    00003100    00000040     UNINITIALIZED
                  00003100    00000040     F2837xS_GlobalVariableDefs.obj (Clb1LogicCtrlRegsFile)

Clb1DataExchRegsFile 
*          1    00003200    00000108     UNINITIALIZED
                  00003200    00000108     F2837xS_GlobalVariableDefs.obj (Clb1DataExchRegsFile)

Clb2LogicCfgRegsFile 
*          1    00003400    0000003e     UNINITIALIZED
                  00003400    0000003e     F2837xS_GlobalVariableDefs.obj (Clb2LogicCfgRegsFile)

Clb2LogicCtrlRegsFile 
*          1    00003500    00000040     UNINITIALIZED
                  00003500    00000040     F2837xS_GlobalVariableDefs.obj (Clb2LogicCtrlRegsFile)

Clb2DataExchRegsFile 
*          1    00003600    00000108     UNINITIALIZED
                  00003600    00000108     F2837xS_GlobalVariableDefs.obj (Clb2DataExchRegsFile)

Clb3LogicCfgRegsFile 
*          1    00003800    0000003e     UNINITIALIZED
                  00003800    0000003e     F2837xS_GlobalVariableDefs.obj (Clb3LogicCfgRegsFile)

Clb3LogicCtrlRegsFile 
*          1    00003900    00000040     UNINITIALIZED
                  00003900    00000040     F2837xS_GlobalVariableDefs.obj (Clb3LogicCtrlRegsFile)

Clb3DataExchRegsFile 
*          1    00003a00    00000108     UNINITIALIZED
                  00003a00    00000108     F2837xS_GlobalVariableDefs.obj (Clb3DataExchRegsFile)

Clb4LogicCfgRegsFile 
*          1    00003c00    0000003e     UNINITIALIZED
                  00003c00    0000003e     F2837xS_GlobalVariableDefs.obj (Clb4LogicCfgRegsFile)

Clb4LogicCtrlRegsFile 
*          1    00003d00    00000040     UNINITIALIZED
                  00003d00    00000040     F2837xS_GlobalVariableDefs.obj (Clb4LogicCtrlRegsFile)

Clb4DataExchRegsFile 
*          1    00003e00    00000108     UNINITIALIZED
                  00003e00    00000108     F2837xS_GlobalVariableDefs.obj (Clb4DataExchRegsFile)

EPwm1RegsFile 
*          1    00004000    00000100     UNINITIALIZED
                  00004000    00000100     F2837xS_GlobalVariableDefs.obj (EPwm1RegsFile)

EPwm2RegsFile 
*          1    00004100    00000100     UNINITIALIZED
                  00004100    00000100     F2837xS_GlobalVariableDefs.obj (EPwm2RegsFile)

EPwm3RegsFile 
*          1    00004200    00000100     UNINITIALIZED
                  00004200    00000100     F2837xS_GlobalVariableDefs.obj (EPwm3RegsFile)

EPwm4RegsFile 
*          1    00004300    00000100     UNINITIALIZED
                  00004300    00000100     F2837xS_GlobalVariableDefs.obj (EPwm4RegsFile)

EPwm5RegsFile 
*          1    00004400    00000100     UNINITIALIZED
                  00004400    00000100     F2837xS_GlobalVariableDefs.obj (EPwm5RegsFile)

EPwm6RegsFile 
*          1    00004500    00000100     UNINITIALIZED
                  00004500    00000100     F2837xS_GlobalVariableDefs.obj (EPwm6RegsFile)

EPwm7RegsFile 
*          1    00004600    00000100     UNINITIALIZED
                  00004600    00000100     F2837xS_GlobalVariableDefs.obj (EPwm7RegsFile)

EPwm8RegsFile 
*          1    00004700    00000100     UNINITIALIZED
                  00004700    00000100     F2837xS_GlobalVariableDefs.obj (EPwm8RegsFile)

EPwm9RegsFile 
*          1    00004800    00000100     UNINITIALIZED
                  00004800    00000100     F2837xS_GlobalVariableDefs.obj (EPwm9RegsFile)

EPwm10RegsFile 
*          1    00004900    00000100     UNINITIALIZED
                  00004900    00000100     F2837xS_GlobalVariableDefs.obj (EPwm10RegsFile)

EPwm11RegsFile 
*          1    00004a00    00000100     UNINITIALIZED
                  00004a00    00000100     F2837xS_GlobalVariableDefs.obj (EPwm11RegsFile)

EPwm12RegsFile 
*          1    00004b00    00000100     UNINITIALIZED
                  00004b00    00000100     F2837xS_GlobalVariableDefs.obj (EPwm12RegsFile)

ECap1RegsFile 
*          1    00005000    0000001a     UNINITIALIZED
                  00005000    0000001a     F2837xS_GlobalVariableDefs.obj (ECap1RegsFile)

ECap2RegsFile 
*          1    00005020    0000001a     UNINITIALIZED
                  00005020    0000001a     F2837xS_GlobalVariableDefs.obj (ECap2RegsFile)

ECap3RegsFile 
*          1    00005040    0000001a     UNINITIALIZED
                  00005040    0000001a     F2837xS_GlobalVariableDefs.obj (ECap3RegsFile)

ECap4RegsFile 
*          1    00005060    0000001a     UNINITIALIZED
                  00005060    0000001a     F2837xS_GlobalVariableDefs.obj (ECap4RegsFile)

ECap5RegsFile 
*          1    00005080    0000001a     UNINITIALIZED
                  00005080    0000001a     F2837xS_GlobalVariableDefs.obj (ECap5RegsFile)

ECap6RegsFile 
*          1    000050a0    0000001a     UNINITIALIZED
                  000050a0    0000001a     F2837xS_GlobalVariableDefs.obj (ECap6RegsFile)

EQep1RegsFile 
*          1    00005100    00000022     UNINITIALIZED
                  00005100    00000022     F2837xS_GlobalVariableDefs.obj (EQep1RegsFile)

EQep2RegsFile 
*          1    00005140    00000022     UNINITIALIZED
                  00005140    00000022     F2837xS_GlobalVariableDefs.obj (EQep2RegsFile)

EQep3RegsFile 
*          1    00005180    00000022     UNINITIALIZED
                  00005180    00000022     F2837xS_GlobalVariableDefs.obj (EQep3RegsFile)

DacaRegsFile 
*          1    00005c00    00000007     UNINITIALIZED
                  00005c00    00000007     F2837xS_GlobalVariableDefs.obj (DacaRegsFile)

DacbRegsFile 
*          1    00005c10    00000007     UNINITIALIZED
                  00005c10    00000007     F2837xS_GlobalVariableDefs.obj (DacbRegsFile)

DaccRegsFile 
*          1    00005c20    00000007     UNINITIALIZED
                  00005c20    00000007     F2837xS_GlobalVariableDefs.obj (DaccRegsFile)

Cmpss1RegsFile 
*          1    00005c80    0000001b     UNINITIALIZED
                  00005c80    0000001b     F2837xS_GlobalVariableDefs.obj (Cmpss1RegsFile)

Cmpss2RegsFile 
*          1    00005ca0    0000001b     UNINITIALIZED
                  00005ca0    0000001b     F2837xS_GlobalVariableDefs.obj (Cmpss2RegsFile)

Cmpss3RegsFile 
*          1    00005cc0    0000001b     UNINITIALIZED
                  00005cc0    0000001b     F2837xS_GlobalVariableDefs.obj (Cmpss3RegsFile)

Cmpss4RegsFile 
*          1    00005ce0    0000001b     UNINITIALIZED
                  00005ce0    0000001b     F2837xS_GlobalVariableDefs.obj (Cmpss4RegsFile)

Cmpss5RegsFile 
*          1    00005d00    0000001b     UNINITIALIZED
                  00005d00    0000001b     F2837xS_GlobalVariableDefs.obj (Cmpss5RegsFile)

Cmpss6RegsFile 
*          1    00005d20    0000001b     UNINITIALIZED
                  00005d20    0000001b     F2837xS_GlobalVariableDefs.obj (Cmpss6RegsFile)

Cmpss7RegsFile 
*          1    00005d40    0000001b     UNINITIALIZED
                  00005d40    0000001b     F2837xS_GlobalVariableDefs.obj (Cmpss7RegsFile)

Cmpss8RegsFile 
*          1    00005d60    0000001b     UNINITIALIZED
                  00005d60    0000001b     F2837xS_GlobalVariableDefs.obj (Cmpss8RegsFile)

Sdfm1RegsFile 
*          1    00005e00    00000048     UNINITIALIZED
                  00005e00    00000048     F2837xS_GlobalVariableDefs.obj (Sdfm1RegsFile)

Sdfm2RegsFile 
*          1    00005e80    00000048     UNINITIALIZED
                  00005e80    00000048     F2837xS_GlobalVariableDefs.obj (Sdfm2RegsFile)

McbspaRegsFile 
*          1    00006000    00000024     UNINITIALIZED
                  00006000    00000024     F2837xS_GlobalVariableDefs.obj (McbspaRegsFile)

McbspbRegsFile 
*          1    00006040    00000024     UNINITIALIZED
                  00006040    00000024     F2837xS_GlobalVariableDefs.obj (McbspbRegsFile)

SpiaRegsFile 
*          1    00006100    00000010     UNINITIALIZED
                  00006100    00000010     F2837xS_GlobalVariableDefs.obj (SpiaRegsFile)

SpibRegsFile 
*          1    00006110    00000010     UNINITIALIZED
                  00006110    00000010     F2837xS_GlobalVariableDefs.obj (SpibRegsFile)

SpicRegsFile 
*          1    00006120    00000010     UNINITIALIZED
                  00006120    00000010     F2837xS_GlobalVariableDefs.obj (SpicRegsFile)

UppRegsFile 
*          1    00006200    00000048     UNINITIALIZED
                  00006200    00000048     F2837xS_GlobalVariableDefs.obj (UppRegsFile)

WdRegsFile 
*          1    00007000    0000002b     UNINITIALIZED
                  00007000    0000002b     F2837xS_GlobalVariableDefs.obj (WdRegsFile)

NmiIntruptRegsFile 
*          1    00007060    00000007     UNINITIALIZED
                  00007060    00000007     F2837xS_GlobalVariableDefs.obj (NmiIntruptRegsFile)

XintRegsFile 
*          1    00007070    0000000b     UNINITIALIZED
                  00007070    0000000b     F2837xS_GlobalVariableDefs.obj (XintRegsFile)

SciaRegsFile 
*          1    00007200    00000010     UNINITIALIZED
                  00007200    00000010     F2837xS_GlobalVariableDefs.obj (SciaRegsFile)

ScibRegsFile 
*          1    00007210    00000010     UNINITIALIZED
                  00007210    00000010     F2837xS_GlobalVariableDefs.obj (ScibRegsFile)

ScicRegsFile 
*          1    00007220    00000010     UNINITIALIZED
                  00007220    00000010     F2837xS_GlobalVariableDefs.obj (ScicRegsFile)

ScidRegsFile 
*          1    00007230    00000010     UNINITIALIZED
                  00007230    00000010     F2837xS_GlobalVariableDefs.obj (ScidRegsFile)

I2caRegsFile 
*          1    00007300    00000022     UNINITIALIZED
                  00007300    00000022     F2837xS_GlobalVariableDefs.obj (I2caRegsFile)

I2cbRegsFile 
*          1    00007340    00000022     UNINITIALIZED
                  00007340    00000022     F2837xS_GlobalVariableDefs.obj (I2cbRegsFile)

AdcaRegsFile 
*          1    00007400    0000007c     UNINITIALIZED
                  00007400    0000007c     F2837xS_GlobalVariableDefs.obj (AdcaRegsFile)

AdcbRegsFile 
*          1    00007480    0000007c     UNINITIALIZED
                  00007480    0000007c     F2837xS_GlobalVariableDefs.obj (AdcbRegsFile)

AdccRegsFile 
*          1    00007500    0000007c     UNINITIALIZED
                  00007500    0000007c     F2837xS_GlobalVariableDefs.obj (AdccRegsFile)

AdcdRegsFile 
*          1    00007580    0000007c     UNINITIALIZED
                  00007580    0000007c     F2837xS_GlobalVariableDefs.obj (AdcdRegsFile)

InputXbarRegsFile 
*          1    00007900    00000020     UNINITIALIZED
                  00007900    00000020     F2837xS_GlobalVariableDefs.obj (InputXbarRegsFile)

XbarRegsFile 
*          1    00007920    0000000e     UNINITIALIZED
                  00007920    0000000e     F2837xS_GlobalVariableDefs.obj (XbarRegsFile)

SyncSocRegsFile 
*          1    00007940    00000006     UNINITIALIZED
                  00007940    00000006     F2837xS_GlobalVariableDefs.obj (SyncSocRegsFile)

DmaClaSrcSelRegsFile 
*          1    00007980    0000001a     UNINITIALIZED
                  00007980    0000001a     F2837xS_GlobalVariableDefs.obj (DmaClaSrcSelRegsFile)

EPwmXbarRegsFile 
*          1    00007a00    00000040     UNINITIALIZED
                  00007a00    00000040     F2837xS_GlobalVariableDefs.obj (EPwmXbarRegsFile)

ClbXbarRegsFile 
*          1    00007a40    00000040     UNINITIALIZED
                  00007a40    00000040     F2837xS_GlobalVariableDefs.obj (ClbXbarRegsFile)

OutputXbarRegsFile 
*          1    00007a80    00000040     UNINITIALIZED
                  00007a80    00000040     F2837xS_GlobalVariableDefs.obj (OutputXbarRegsFile)

GpioCtrlRegsFile 
*          1    00007c00    00000180     UNINITIALIZED
                  00007c00    00000180     F2837xS_GlobalVariableDefs.obj (GpioCtrlRegsFile)

GpioDataRegsFile 
*          1    00007f00    00000030     UNINITIALIZED
                  00007f00    00000030     F2837xS_GlobalVariableDefs.obj (GpioDataRegsFile)

.data      1    00011000    00005ea4     
                  00011000    00005dc0     efectos.obj (.data)
                  00016dc0    000000e4     filtrosIIRFmain.obj (.data)

.pinit     0    00000123    00000000     UNINITIALIZED

.ebss      1    0000a800    00000479     UNINITIALIZED
                  0000a800    00000468     audio3Main.obj (.ebss)
                  0000ac68    00000006     F2837xS_TempSensorConv.obj (.ebss)
                  0000ac6e    00000006     rts2800_fpu32.lib : exit.c.obj (.ebss)
                  0000ac74    00000002                       : _lock.c.obj (.ebss:__lock)
                  0000ac76    00000002                       : _lock.c.obj (.ebss:__unlock)
                  0000ac78    00000001                       : errno.c.obj (.ebss)

.econst    1    0000ac7a    00000222     
                  0000ac7a    000001c0     F2837xS_PieVect.obj (.econst:_PieVectTableInit)
                  0000ae3a    00000032     rts2800_fpu32.lib : e_powf.c.obj (.econst)
                  0000ae6c    00000010                       : e_expf.c.obj (.econst)
                  0000ae7c    00000006                       : s_scalbnf.c.obj (.econst)
                  0000ae82    00000004                       : e_powf.c.obj (.econst:_bp)
                  0000ae86    00000004                       : e_powf.c.obj (.econst:_dp_h)
                  0000ae8a    00000004                       : e_powf.c.obj (.econst:_dp_l)
                  0000ae8e    00000004                       : e_expf.c.obj (.econst:_halF)
                  0000ae92    00000004                       : e_expf.c.obj (.econst:_ln2HI)
                  0000ae96    00000004                       : e_expf.c.obj (.econst:_ln2LO)
                  0000ae9a    00000002                       : s_floorf.c.obj (.econst)

.TI.ramfunc 
*          0    00000123    00000004     
                  00000123    00000004     F2837xS_usDelay.obj (.TI.ramfunc)

PieVectTableFile 
*          1    00000d00    000001c0     UNINITIALIZED
                  00000d00    000001c0     F2837xS_GlobalVariableDefs.obj (PieVectTableFile)

EmuKeyVar 
*          1    00000d00    00000000     UNINITIALIZED

EmuBModeVar 
*          1    00000d00    00000000     UNINITIALIZED

EmuBootPinsVar 
*          1    00000d00    00000000     UNINITIALIZED

FlashCallbackVar 
*          1    00000d00    00000000     UNINITIALIZED

FlashScalingVar 
*          1    00000d00    00000000     UNINITIALIZED

Emif1RegsFile 
*          1    00047000    00000028     UNINITIALIZED
                  00047000    00000028     F2837xS_GlobalVariableDefs.obj (Emif1RegsFile)

Emif2RegsFile 
*          1    00047800    00000028     UNINITIALIZED
                  00047800    00000028     F2837xS_GlobalVariableDefs.obj (Emif2RegsFile)

CanaRegsFile 
*          1    00048000    00000164     UNINITIALIZED
                  00048000    00000164     F2837xS_GlobalVariableDefs.obj (CanaRegsFile)

CanbRegsFile 
*          1    0004a000    00000164     UNINITIALIZED
                  0004a000    00000164     F2837xS_GlobalVariableDefs.obj (CanbRegsFile)

FlashPumpSemaphoreRegsFile 
*          1    00050024    00000002     UNINITIALIZED
                  00050024    00000002     F2837xS_GlobalVariableDefs.obj (FlashPumpSemaphoreRegsFile)

DevCfgRegsFile 
*          1    0005d000    0000012e     UNINITIALIZED
                  0005d000    0000012e     F2837xS_GlobalVariableDefs.obj (DevCfgRegsFile)

AnalogSubsysRegsFile 
*          1    0005d180    0000003e     UNINITIALIZED
                  0005d180    0000003e     F2837xS_GlobalVariableDefs.obj (AnalogSubsysRegsFile)

ClkCfgRegsFile 
*          1    0005d200    00000032     UNINITIALIZED
                  0005d200    00000032     F2837xS_GlobalVariableDefs.obj (ClkCfgRegsFile)

CpuSysRegsFile 
*          1    0005d300    00000082     UNINITIALIZED
                  0005d300    00000082     F2837xS_GlobalVariableDefs.obj (CpuSysRegsFile)

DcsmZ1RegsFile 
*          1    0005f000    00000022     UNINITIALIZED
                  0005f000    00000022     F2837xS_GlobalVariableDefs.obj (DcsmZ1RegsFile)

DcsmZ2RegsFile 
*          1    0005f040    00000022     UNINITIALIZED
                  0005f040    00000022     F2837xS_GlobalVariableDefs.obj (DcsmZ2RegsFile)

DcsmCommonRegsFile 
*          1    0005f070    00000006     UNINITIALIZED
                  0005f070    00000006     F2837xS_GlobalVariableDefs.obj (DcsmCommonRegsFile)

MemCfgRegsFile 
*          1    0005f400    00000076     UNINITIALIZED
                  0005f400    00000076     F2837xS_GlobalVariableDefs.obj (MemCfgRegsFile)

Emif1ConfigRegsFile 
*          1    0005f480    0000000a     UNINITIALIZED
                  0005f480    0000000a     F2837xS_GlobalVariableDefs.obj (Emif1ConfigRegsFile)

Emif2ConfigRegsFile 
*          1    0005f4a0    0000000a     UNINITIALIZED
                  0005f4a0    0000000a     F2837xS_GlobalVariableDefs.obj (Emif2ConfigRegsFile)

AccessProtectionRegsFile 
*          1    0005f4c0    0000002e     UNINITIALIZED
                  0005f4c0    0000002e     F2837xS_GlobalVariableDefs.obj (AccessProtectionRegsFile)

MemoryErrorRegsFile 
*          1    0005f500    0000003a     UNINITIALIZED
                  0005f500    0000003a     F2837xS_GlobalVariableDefs.obj (MemoryErrorRegsFile)

Flash0CtrlRegsFile 
*          1    0005f800    00000182     UNINITIALIZED
                  0005f800    00000182     F2837xS_GlobalVariableDefs.obj (Flash0CtrlRegsFile)

Flash0EccRegsFile 
*          1    0005fb00    00000028     UNINITIALIZED
                  0005fb00    00000028     F2837xS_GlobalVariableDefs.obj (Flash0EccRegsFile)

Flash1CtrlRegsFile 
*          1    0005fc00    00000182     UNINITIALIZED
                  0005fc00    00000182     F2837xS_GlobalVariableDefs.obj (Flash1CtrlRegsFile)

Flash1EccRegsFile 
*          1    0005ff00    00000028     UNINITIALIZED
                  0005ff00    00000028     F2837xS_GlobalVariableDefs.obj (Flash1EccRegsFile)

RomPrefetchRegsFile 
*          1    0005e608    00000002     UNINITIALIZED
                  0005e608    00000002     F2837xS_GlobalVariableDefs.obj (RomPrefetchRegsFile)

RomWaitStateRegsFile 
*          1    0005f540    00000002     UNINITIALIZED
                  0005f540    00000002     F2837xS_GlobalVariableDefs.obj (RomWaitStateRegsFile)

.text.1    0    00008000    000007fe     
                  00008000    000007e9     audio3Main.obj (.text)
                  000087e9    00000012     rts2800_fpu32.lib : s_copysignf.c.obj (.text)
                  000087fb    00000002                       : pre_init.c.obj (.text)
                  000087fd    00000001                       : startup.c.obj (.text)

.text.2    0    00008800    000007fd     
                  00008800    00000585     F2837xS_DefaultISR.obj (.text:retain)
                  00008d85    00000240     F2837xS_Gpio.obj (.text)
                  00008fc5    00000038     rts2800_fpu32.lib : s_roundf.c.obj (.text)

.text.3    0    00009000    00000800     
                  00009000    0000049c     F2837xS_SysCtrl.obj (.text)
                  0000949c    000001ee     audio3Main.obj (.text:retain)
                  0000968a    00000111     rts2800_fpu32.lib : e_expf.c.obj (.text)
                  0000979b    00000065     efectos.obj (.text)

.text.4    0    00009800    000007f9     
                  00009800    00000381     rts2800_fpu32.lib : e_powf.c.obj (.text)
                  00009b81    00000105     F2837xS_EPwm.obj (.text)
                  00009c86    000000f0     F2837xS_Adc.obj (.text)
                  00009d76    000000ca     F2837xS_TempSensorConv.obj (.text)
                  00009e40    00000088     rts2800_fpu32.lib : fs_div28.asm.obj (.text)
                  00009ec8    0000006e     filtrosIIRFmain.obj (.text)
                  00009f36    0000005a     rts2800_fpu32.lib : s_scalbnf.c.obj (.text)
                  00009f90    00000058                       : s_floorf.c.obj (.text)
                  00009fe8    00000009                       : _lock.c.obj (.text)
                  00009ff1    00000008     F2837xS_CodeStartBranch.obj (.text)

.text.5    0    0000a000    0000019a     
                  0000a000    00000056     rts2800_fpu32.lib : boot28.asm.obj (.text)
                  0000a056    0000002a                       : l_div28.asm.obj (.text)
                  0000a080    00000029                       : exit.c.obj (.text)
                  0000a0a9    00000028     F2837xS_PieCtrl.obj (.text)
                  0000a0d1    00000026     F2837xS_PieVect.obj (.text)
                  0000a0f7    00000001     --HOLE-- [fill = 0]
                  0000a0f8    00000026     rts2800_fpu32.lib : e_sqrtf.c.obj (.text)
                  0000a11e    00000024                       : cpy_tbl.c.obj (.text)
                  0000a142    00000022                       : i_div28.asm.obj (.text)
                  0000a164    0000001d                       : memcpy.c.obj (.text)
                  0000a181    00000019                       : args_main.c.obj (.text)

MODULE SUMMARY

       Module                           code   initialized data   uninitialized data
       ------                           ----   ----------------   ------------------
    .\
       F2837xS_GlobalVariableDefs.obj   0      0                  10244             
       audio3Main.obj                   2519   1089               1128              
       F2837xS_DefaultISR.obj           1413   0                  0                 
       F2837xS_SysCtrl.obj              1180   0                  0                 
       F2837xS_Gpio.obj                 576    0                  0                 
       F2837xS_PieVect.obj              38     448                0                 
       F2837xS_EPwm.obj                 261    0                  0                 
       F2837xS_Adc.obj                  240    0                  0                 
       F2837xS_TempSensorConv.obj       202    0                  6                 
       F2837xS_PieCtrl.obj              40     0                  0                 
       F2837xS_CodeStartBranch.obj      10     0                  0                 
       F2837xS_usDelay.obj              4      0                  0                 
    +--+--------------------------------+------+------------------+--------------------+
       Total:                           6483   1537               11378             
                                                                                    
    .\HeadersASM\
       efectos.obj                      101    24000              0                 
       filtrosIIRFmain.obj              110    228                0                 
    +--+--------------------------------+------+------------------+--------------------+
       Total:                           211    24228              0                 
                                                                                    
    D:\Program Files (x86)\ti\ccsv8\tools\compiler\ti-cgt-c2000_18.1.8.LTS\lib\rts2800_fpu32.lib
       e_powf.c.obj                     897    62                 0                 
       e_expf.c.obj                     273    28                 0                 
       fs_div28.asm.obj                 136    0                  0                 
       s_scalbnf.c.obj                  90     6                  0                 
       s_floorf.c.obj                   88     2                  0                 
       boot28.asm.obj                   86     0                  0                 
       exit.c.obj                       41     14                 6                 
       s_roundf.c.obj                   56     0                  0                 
       l_div28.asm.obj                  42     0                  0                 
       e_sqrtf.c.obj                    38     0                  0                 
       cpy_tbl.c.obj                    36     0                  0                 
       i_div28.asm.obj                  34     0                  0                 
       memcpy.c.obj                     29     0                  0                 
       args_main.c.obj                  25     0                  0                 
       _lock.c.obj                      9      10                 4                 
       s_copysignf.c.obj                18     0                  0                 
       errno.c.obj                      0      4                  1                 
       pre_init.c.obj                   2      0                  0                 
       startup.c.obj                    1      0                  0                 
    +--+--------------------------------+------+------------------+--------------------+
       Total:                           1901   126                11                
                                                                                    
       Stack:                           0      0                  512               
    +--+--------------------------------+------+------------------+--------------------+
       Grand Total:                     8595   25891              11901             


GLOBAL DATA SYMBOLS: SORTED BY DATA PAGE

address     data page           name
--------    ----------------    ----
00000400      10 (00000400)     __stack

00000b00      2c (00000b00)     _AdcaResultRegs
00000b20      2c (00000b00)     _AdcbResultRegs

00000b40      2d (00000b40)     _AdccResultRegs
00000b60      2d (00000b40)     _AdcdResultRegs

00000c00      30 (00000c00)     _CpuTimer0Regs
00000c08      30 (00000c00)     _CpuTimer1Regs
00000c10      30 (00000c00)     _CpuTimer2Regs

00000ce0      33 (00000cc0)     _PieCtrlRegs

00000d00      34 (00000d00)     _PieVectTable

00001000      40 (00001000)     _DmaRegs

00001400      50 (00001400)     _Cla1Regs

00003000      c0 (00003000)     _Clb1LogicCfgRegs

00003100      c4 (00003100)     _Clb1LogicCtrlRegs

00003200      c8 (00003200)     _Clb1DataExchRegs

00003400      d0 (00003400)     _Clb2LogicCfgRegs

00003500      d4 (00003500)     _Clb2LogicCtrlRegs

00003600      d8 (00003600)     _Clb2DataExchRegs

00003800      e0 (00003800)     _Clb3LogicCfgRegs

00003900      e4 (00003900)     _Clb3LogicCtrlRegs

00003a00      e8 (00003a00)     _Clb3DataExchRegs

00003c00      f0 (00003c00)     _Clb4LogicCfgRegs

00003d00      f4 (00003d00)     _Clb4LogicCtrlRegs

00003e00      f8 (00003e00)     _Clb4DataExchRegs

00004000     100 (00004000)     _EPwm1Regs

00004100     104 (00004100)     _EPwm2Regs

00004200     108 (00004200)     _EPwm3Regs

00004300     10c (00004300)     _EPwm4Regs

00004400     110 (00004400)     _EPwm5Regs

00004500     114 (00004500)     _EPwm6Regs

00004600     118 (00004600)     _EPwm7Regs

00004700     11c (00004700)     _EPwm8Regs

00004800     120 (00004800)     _EPwm9Regs

00004900     124 (00004900)     _EPwm10Regs

00004a00     128 (00004a00)     _EPwm11Regs

00004b00     12c (00004b00)     _EPwm12Regs

00005000     140 (00005000)     _ECap1Regs
00005020     140 (00005000)     _ECap2Regs

00005040     141 (00005040)     _ECap3Regs
00005060     141 (00005040)     _ECap4Regs

00005080     142 (00005080)     _ECap5Regs
000050a0     142 (00005080)     _ECap6Regs

00005100     144 (00005100)     _EQep1Regs

00005140     145 (00005140)     _EQep2Regs

00005180     146 (00005180)     _EQep3Regs

00005c00     170 (00005c00)     _DacaRegs
00005c10     170 (00005c00)     _DacbRegs
00005c20     170 (00005c00)     _DaccRegs

00005c80     172 (00005c80)     _Cmpss1Regs
00005ca0     172 (00005c80)     _Cmpss2Regs

00005cc0     173 (00005cc0)     _Cmpss3Regs
00005ce0     173 (00005cc0)     _Cmpss4Regs

00005d00     174 (00005d00)     _Cmpss5Regs
00005d20     174 (00005d00)     _Cmpss6Regs

00005d40     175 (00005d40)     _Cmpss7Regs
00005d60     175 (00005d40)     _Cmpss8Regs

00005e00     178 (00005e00)     _Sdfm1Regs

00005e80     17a (00005e80)     _Sdfm2Regs

00006000     180 (00006000)     _McbspaRegs

00006040     181 (00006040)     _McbspbRegs

00006100     184 (00006100)     _SpiaRegs
00006110     184 (00006100)     _SpibRegs
00006120     184 (00006100)     _SpicRegs

00006200     188 (00006200)     _UppRegs

00007000     1c0 (00007000)     _WdRegs

00007060     1c1 (00007040)     _NmiIntruptRegs
00007070     1c1 (00007040)     _XintRegs

00007200     1c8 (00007200)     _SciaRegs
00007210     1c8 (00007200)     _ScibRegs
00007220     1c8 (00007200)     _ScicRegs
00007230     1c8 (00007200)     _ScidRegs

00007300     1cc (00007300)     _I2caRegs

00007340     1cd (00007340)     _I2cbRegs

00007400     1d0 (00007400)     _AdcaRegs

00007480     1d2 (00007480)     _AdcbRegs

00007500     1d4 (00007500)     _AdccRegs

00007580     1d6 (00007580)     _AdcdRegs

00007900     1e4 (00007900)     _InputXbarRegs
00007920     1e4 (00007900)     _XbarRegs

00007940     1e5 (00007940)     _SyncSocRegs

00007980     1e6 (00007980)     _DmaClaSrcSelRegs

00007a00     1e8 (00007a00)     _EPwmXbarRegs

00007a40     1e9 (00007a40)     _ClbXbarRegs

00007a80     1ea (00007a80)     _OutputXbarRegs

00007c00     1f0 (00007c00)     _GpioCtrlRegs

00007f00     1fc (00007f00)     _GpioDataRegs

0000a800     2a0 (0000a800)     _charRecibido
0000a801     2a0 (0000a800)     _valor
0000a802     2a0 (0000a800)     _instruccion
0000a803     2a0 (0000a800)     _efecto
0000a804     2a0 (0000a800)     _limpiador
0000a805     2a0 (0000a800)     _banderaEpwm
0000a806     2a0 (0000a800)     _sensorOrientacion
0000a807     2a0 (0000a800)     _banderaEfecto
0000a808     2a0 (0000a800)     _banderaMuestreo
0000a80a     2a0 (0000a800)     _ADCBcanal4
0000a80c     2a0 (0000a800)     _escalarADC
0000a80e     2a0 (0000a800)     _ADCBcanal2
0000a810     2a0 (0000a800)     _SCI_Regs
0000a814     2a0 (0000a800)     _ADC_Regs
0000a818     2a0 (0000a800)     _DAC_Regs
0000a81e     2a0 (0000a800)     _expRev1
0000a828     2a0 (0000a800)     _expRev2

0000a840     2a1 (0000a840)     _filtros
0000a854     2a1 (0000a840)     _EPWM_Regs

0000a880     2a2 (0000a880)     _coeficientesIIR

0000a980     2a6 (0000a980)     _coeficientesIzq

0000ab00     2ac (0000ab00)     _coeficientesDer

0000ac68     2b1 (0000ac40)     _tempSensor_tempOffset
0000ac6a     2b1 (0000ac40)     _tempSensor_scaleFactor
0000ac6c     2b1 (0000ac40)     _tempSensor_tempSlope
0000ac6e     2b1 (0000ac40)     ___TI_enable_exit_profile_output
0000ac70     2b1 (0000ac40)     ___TI_cleanup_ptr
0000ac72     2b1 (0000ac40)     ___TI_dtors_ptr
0000ac74     2b1 (0000ac40)     __lock
0000ac76     2b1 (0000ac40)     __unlock
0000ac78     2b1 (0000ac40)     _errno
0000ac7a     2b1 (0000ac40)     _PieVectTableInit

00047000    11c0 (00047000)     _Emif1Regs

00047800    11e0 (00047800)     _Emif2Regs

00048000    1200 (00048000)     _CanaRegs

0004a000    1280 (0004a000)     _CanbRegs

00050024    1400 (00050000)     _FlashPumpSemaphoreRegs

0005d000    1740 (0005d000)     _DevCfgRegs

0005d180    1746 (0005d180)     _AnalogSubsysRegs

0005d200    1748 (0005d200)     _ClkCfgRegs

0005d300    174c (0005d300)     _CpuSysRegs

0005e608    1798 (0005e600)     _RomPrefetchRegs

0005f000    17c0 (0005f000)     _DcsmZ1Regs

0005f040    17c1 (0005f040)     _DcsmZ2Regs
0005f070    17c1 (0005f040)     _DcsmCommonRegs

0005f400    17d0 (0005f400)     _MemCfgRegs

0005f480    17d2 (0005f480)     _Emif1ConfigRegs
0005f4a0    17d2 (0005f480)     _Emif2ConfigRegs

0005f4c0    17d3 (0005f4c0)     _AccessProtectionRegs

0005f500    17d4 (0005f500)     _MemoryErrorRegs

0005f540    17d5 (0005f540)     _RomWaitStateRegs

0005f800    17e0 (0005f800)     _Flash0CtrlRegs

0005fb00    17ec (0005fb00)     _Flash0EccRegs

0005fc00    17f0 (0005fc00)     _Flash1CtrlRegs

0005ff00    17fc (0005ff00)     _Flash1EccRegs


GLOBAL SYMBOLS: SORTED ALPHABETICALLY BY Name 

page  address   name                                  
----  -------   ----                                  
1     00011000  .data                                 
abs   ffffffff  .text                                 
0     0000a080  C$$EXIT                               
0     00009e40  FS$$DIV                               
0     0000a142  I$$DIV                                
0     0000a153  I$$MOD                                
0     0000a056  L$$DIV                                
0     0000a065  L$$MOD                                
0     0000a073  UL$$DIV                               
0     0000a07a  UL$$MOD                               
0     000088be  _ADCA1_ISR                            
0     0000949c  _ADCA1_TEMP_isr                       
0     00008b3e  _ADCA2_ISR                            
0     00008b48  _ADCA3_ISR                            
0     00008b52  _ADCA4_ISR                            
0     00008b34  _ADCA_EVT_ISR                         
0     000094e0  _ADCB1_AUDIO_isr                      
0     000088c8  _ADCB1_ISR                            
0     00008b66  _ADCB2_ISR                            
0     00008b70  _ADCB3_ISR                            
0     00008b7a  _ADCB4_ISR                            
0     00008b5c  _ADCB_EVT_ISR                         
1     0000a80e  _ADCBcanal2                           
1     0000a80a  _ADCBcanal4                           
0     000088d2  _ADCC1_ISR                            
0     00008cce  _ADCC2_ISR                            
0     00008cd8  _ADCC3_ISR                            
0     00008ce2  _ADCC4_ISR                            
0     00008cc4  _ADCC_EVT_ISR                         
0     000088f0  _ADCD1_ISR                            
0     00008cf6  _ADCD2_ISR                            
0     00008d00  _ADCD3_ISR                            
0     00008d0a  _ADCD4_ISR                            
0     00008cec  _ADCD_EVT_ISR                         
0     000082ba  _ADCSOC_Config                        
0     00008274  _ADC_Config                           
1     0000a814  _ADC_Regs                             
0     00008d46  _AUX_PLL_SLIP_ISR                     
1     0005f4c0  _AccessProtectionRegs                 
0     00009c86  _AdcSetMode                           
1     00007400  _AdcaRegs                             
1     00000b00  _AdcaResultRegs                       
1     00007480  _AdcbRegs                             
1     00000b20  _AdcbResultRegs                       
1     00007500  _AdccRegs                             
1     00000b40  _AdccResultRegs                       
1     00007580  _AdcdRegs                             
1     00000b60  _AdcdResultRegs                       
1     0005d180  _AnalogSubsysRegs                     
0     00009459  _AuxAuxClkSel                         
0     00009443  _AuxIntOsc2Sel                        
0     0000944d  _AuxXtalOscSel                        
0     00008b0c  _CANA0_ISR                            
0     00008b16  _CANA1_ISR                            
0     00008b20  _CANB0_ISR                            
0     00008b2a  _CANB1_ISR                            
0     00008b84  _CLA1_1_ISR                           
0     00008b8e  _CLA1_2_ISR                           
0     00008b98  _CLA1_3_ISR                           
0     00008ba2  _CLA1_4_ISR                           
0     00008bac  _CLA1_5_ISR                           
0     00008bb6  _CLA1_6_ISR                           
0     00008bc0  _CLA1_7_ISR                           
0     00008bca  _CLA1_8_ISR                           
0     00008d50  _CLA_OVERFLOW_ISR                     
0     00008d5a  _CLA_UNDERFLOW_ISR                    
0     00009d3c  _CalAdcINL                            
1     00048000  _CanaRegs                             
1     0004a000  _CanbRegs                             
1     00001400  _Cla1Regs                             
1     00003200  _Clb1DataExchRegs                     
1     00003000  _Clb1LogicCfgRegs                     
1     00003100  _Clb1LogicCtrlRegs                    
1     00003600  _Clb2DataExchRegs                     
1     00003400  _Clb2LogicCfgRegs                     
1     00003500  _Clb2LogicCtrlRegs                    
1     00003a00  _Clb3DataExchRegs                     
1     00003800  _Clb3LogicCfgRegs                     
1     00003900  _Clb3LogicCtrlRegs                    
1     00003e00  _Clb4DataExchRegs                     
1     00003c00  _Clb4LogicCfgRegs                     
1     00003d00  _Clb4LogicCtrlRegs                    
1     00007a40  _ClbXbarRegs                          
1     0005d200  _ClkCfgRegs                           
1     00005c80  _Cmpss1Regs                           
1     00005ca0  _Cmpss2Regs                           
1     00005cc0  _Cmpss3Regs                           
1     00005ce0  _Cmpss4Regs                           
1     00005d00  _Cmpss5Regs                           
1     00005d20  _Cmpss6Regs                           
1     00005d40  _Cmpss7Regs                           
1     00005d60  _Cmpss8Regs                           
1     0005d300  _CpuSysRegs                           
1     00000c00  _CpuTimer0Regs                        
1     00000c08  _CpuTimer1Regs                        
1     00000c10  _CpuTimer2Regs                        
0     000093ee  _CsmUnlock                            
0     000083bf  _DAC_Config                           
1     0000a818  _DAC_Regs                             
0     00008814  _DATALOG_ISR                          
0     00008a58  _DMA_CH1_ISR                          
0     00008a62  _DMA_CH2_ISR                          
0     00008a6c  _DMA_CH3_ISR                          
0     00008a76  _DMA_CH4_ISR                          
0     00008a80  _DMA_CH5_ISR                          
0     00008a8a  _DMA_CH6_ISR                          
1     00005c00  _DacaRegs                             
1     00005c10  _DacbRegs                             
1     00005c20  _DaccRegs                             
1     0005f070  _DcsmCommonRegs                       
1     0005f000  _DcsmZ1Regs                           
1     0005f040  _DcsmZ2Regs                           
1     0005d000  _DevCfgRegs                           
0     00009103  _DisableDog                           
0     000090b5  _DisablePeripheralClocks              
1     00007980  _DmaClaSrcSelRegs                     
1     00001000  _DmaRegs                              
0     000089ae  _ECAP1_ISR                            
0     000089b8  _ECAP2_ISR                            
0     000089c2  _ECAP3_ISR                            
0     000089cc  _ECAP4_ISR                            
0     000089d6  _ECAP5_ISR                            
0     000089e0  _ECAP6_ISR                            
1     00005000  _ECap1Regs                            
1     00005020  _ECap2Regs                            
1     00005040  _ECap3Regs                            
1     00005060  _ECap4Regs                            
1     00005080  _ECap5Regs                            
1     000050a0  _ECap6Regs                            
0     00008d14  _EMIF_ERROR_ISR                       
0     00008d6e  _EMPTY_ISR                            
0     00008828  _EMU_ISR                              
0     00008c6a  _EPWM10_ISR                           
0     00008c42  _EPWM10_TZ_ISR                        
0     00008c74  _EPWM11_ISR                           
0     00008c4c  _EPWM11_TZ_ISR                        
0     00008c7e  _EPWM12_ISR                           
0     00008c56  _EPWM12_TZ_ISR                        
0     0000895e  _EPWM1_ISR                            
0     0000890e  _EPWM1_TZ_ISR                         
0     00008968  _EPWM2_ISR                            
0     00008918  _EPWM2_TZ_ISR                         
0     00008972  _EPWM3_ISR                            
0     00008922  _EPWM3_TZ_ISR                         
0     0000897c  _EPWM4_ISR                            
0     0000892c  _EPWM4_TZ_ISR                         
0     00008986  _EPWM5_ISR                            
0     00008936  _EPWM5_TZ_ISR                         
0     00008990  _EPWM6_ISR                            
0     00008940  _EPWM6_TZ_ISR                         
0     0000899a  _EPWM7_ISR                            
0     0000894a  _EPWM7_TZ_ISR                         
0     0000950b  _EPWM7_isr                            
0     000089a4  _EPWM8_ISR                            
0     00008954  _EPWM8_TZ_ISR                         
0     00009525  _EPWM8_isr                            
0     00008c60  _EPWM9_ISR                            
0     00008c38  _EPWM9_TZ_ISR                         
0     0000953f  _EPWM9_isr                            
0     0000801a  _EPWM_Config                          
1     0000a854  _EPWM_Regs                            
1     00004900  _EPwm10Regs                           
1     00004a00  _EPwm11Regs                           
1     00004b00  _EPwm12Regs                           
1     00004000  _EPwm1Regs                            
1     00004100  _EPwm2Regs                            
1     00004200  _EPwm3Regs                            
1     00004300  _EPwm4Regs                            
1     00004400  _EPwm5Regs                            
1     00004500  _EPwm6Regs                            
1     00004600  _EPwm7Regs                            
1     00004700  _EPwm8Regs                            
1     00004800  _EPwm9Regs                            
1     00007a00  _EPwmXbarRegs                         
0     000089ea  _EQEP1_ISR                            
0     000089f4  _EQEP2_ISR                            
0     000089fe  _EQEP3_ISR                            
1     00005100  _EQep1Regs                            
1     00005140  _EQep2Regs                            
1     00005180  _EQep3Regs                            
1     0005f480  _Emif1ConfigRegs                      
1     00047000  _Emif1Regs                            
1     0005f4a0  _Emif2ConfigRegs                      
1     00047800  _Emif2Regs                            
0     0000a0c8  _EnableInterrupts                     
0     00000123  _F28x_usDelay                         
0     00008d28  _FLASH_CORRECTABLE_ERROR_ISR          
0     00008bfc  _FPU_OVERFLOW_ISR                     
0     00008c06  _FPU_UNDERFLOW_ISR                    
1     0005f800  _Flash0CtrlRegs                       
1     0005fb00  _Flash0EccRegs                        
1     0005fc00  _Flash1CtrlRegs                       
1     0005ff00  _Flash1EccRegs                        
1     00050024  _FlashPumpSemaphoreRegs               
0     00008f7a  _GPIO_EnableUnbondedIOPullups         
0     00008f55  _GPIO_EnableUnbondedIOPullupsFor100Pin
0     00008f3c  _GPIO_EnableUnbondedIOPullupsFor176Pin
0     00008f90  _GPIO_ReadPin                         
0     00008ee1  _GPIO_SetupLock                       
0     00008dc5  _GPIO_SetupPinMux                     
0     00008e4d  _GPIO_SetupPinOptions                 
0     00008f0a  _GPIO_SetupXINT1Gpio                  
0     00008f14  _GPIO_SetupXINT2Gpio                  
0     00008f1e  _GPIO_SetupXINT3Gpio                  
0     00008f28  _GPIO_SetupXINT4Gpio                  
0     00008f32  _GPIO_SetupXINT5Gpio                  
0     00008fa7  _GPIO_WritePin                        
0     00009dc3  _GetTemperatureC                      
0     00009e04  _GetTemperatureK                      
1     00007c00  _GpioCtrlRegs                         
1     00007f00  _GpioDataRegs                         
0     00009477  _HALT                                 
0     00009488  _HIB                                  
0     00008a9e  _I2CA_FIFO_ISR                        
0     00008a94  _I2CA_ISR                             
0     00008ab2  _I2CB_FIFO_ISR                        
0     00008aa8  _I2CB_ISR                             
1     00007300  _I2caRegs                             
1     00007340  _I2cbRegs                             
0     00009463  _IDLE                                 
0     00009ec8  _IIRFloat                             
0     0000883c  _ILLEGAL_ISR                          
0     00008c10  _IPC0_ISR                             
0     00008c1a  _IPC1_ISR                             
0     00008c24  _IPC2_ISR                             
0     00008c2e  _IPC3_ISR                             
0     000092ff  _InitAuxPll                           
0     00009c4c  _InitEPwm10Gpio                       
0     00009c5f  _InitEPwm11Gpio                       
0     00009c73  _InitEPwm12Gpio                       
0     00009b9a  _InitEPwm1Gpio                        
0     00009bac  _InitEPwm2Gpio                        
0     00009bbe  _InitEPwm3Gpio                        
0     00009bd2  _InitEPwm4Gpio                        
0     00009be6  _InitEPwm5Gpio                        
0     00009bf8  _InitEPwm6Gpio                        
0     00009c0a  _InitEPwm7Gpio                        
0     00009c1e  _InitEPwm8Gpio                        
0     00009c32  _InitEPwm9Gpio                        
0     00009b81  _InitEPwmGpio                         
0     00008d85  _InitGpio                             
0     00009031  _InitPeripheralClocks                 
0     0000a0a9  _InitPieCtrl                          
0     0000a0d1  _InitPieVectTable                     
0     00009000  _InitSysCtrl                          
0     00009111  _InitSysPll                           
0     00009d76  _InitTempSensor                       
1     00007900  _InputXbarRegs                        
0     00008a30  _MCBSPA_RX_ISR                        
0     00008a3a  _MCBSPA_TX_ISR                        
0     00008a44  _MCBSPB_RX_ISR                        
0     00008a4e  _MCBSPB_TX_ISR                        
1     00006000  _McbspaRegs                           
1     00006040  _McbspbRegs                           
1     0005f400  _MemCfgRegs                           
1     0005f500  _MemoryErrorRegs                      
0     00008832  _NMI_ISR                              
0     00008d7b  _NOTUSED_ISR                          
1     00007060  _NmiIntruptRegs                       
1     00007a80  _OutputXbarRegs                       
0     00008d64  _PIE_RESERVED_ISR                     
1     00000ce0  _PieCtrlRegs                          
1     00000d00  _PieVectTable                         
1     0000ac7a  _PieVectTableInit                     
0     00008d32  _RAM_ACCESS_VIOLATION_ISR             
0     00008d1e  _RAM_CORRECTABLE_ERROR_ISR            
0     0000881e  _RTOS_ISR                             
0     000090eb  _ReleaseFlashPump                     
1     0005e608  _RomPrefetchRegs                      
1     0005f540  _RomWaitStateRegs                     
0     00008ae4  _SCIA_RX_ISR                          
0     00008aee  _SCIA_TX_ISR                          
0     00008af8  _SCIB_RX_ISR                          
0     00008b02  _SCIB_TX_ISR                          
0     0000955f  _SCIB_inter                           
0     00008abc  _SCIC_RX_ISR                          
0     00008ac6  _SCIC_TX_ISR                          
0     00008ad0  _SCID_RX_ISR                          
0     00008ada  _SCID_TX_ISR                          
0     000083eb  _SCI_Config                           
1     0000a810  _SCI_Regs                             
0     00008c88  _SD1_ISR                              
0     00008c92  _SD2_ISR                              
0     00008a08  _SPIA_RX_ISR                          
0     00008a12  _SPIA_TX_ISR                          
0     00008a1c  _SPIB_RX_ISR                          
0     00008a26  _SPIB_TX_ISR                          
0     00008c9c  _SPIC_RX_ISR                          
0     00008ca6  _SPIC_TX_ISR                          
0     0000946c  _STANDBY                              
0     00008d3c  _SYS_PLL_SLIP_ISR                     
1     00007200  _SciaRegs                             
1     00007210  _ScibRegs                             
1     00007220  _ScicRegs                             
1     00007230  _ScidRegs                             
1     00005e00  _Sdfm1Regs                            
1     00005e80  _Sdfm2Regs                            
0     000090cd  _SeizeFlashPump_Bank0                 
0     000090dc  _SeizeFlashPump_Bank1                 
0     000090f5  _ServiceDog                           
1     00006100  _SpiaRegs                             
1     00006110  _SpibRegs                             
1     00006120  _SpicRegs                             
1     00007940  _SyncSocRegs                          
0     0000940f  _SysIntOsc1Sel                        
0     0000941f  _SysIntOsc2Sel                        
0     00009433  _SysXtalOscSel                        
0     000088fa  _TIMER0_ISR                           
0     00008800  _TIMER1_ISR                           
0     0000880a  _TIMER2_ISR                           
0     00008cb0  _UPPA_ISR                             
0     00008cba  _USBA_ISR                             
0     000088a0  _USER10_ISR                           
0     000088aa  _USER11_ISR                           
0     000088b4  _USER12_ISR                           
0     00008846  _USER1_ISR                            
0     00008850  _USER2_ISR                            
0     0000885a  _USER3_ISR                            
0     00008864  _USER4_ISR                            
0     0000886e  _USER5_ISR                            
0     00008878  _USER6_ISR                            
0     00008882  _USER7_ISR                            
0     0000888c  _USER8_ISR                            
0     00008896  _USER9_ISR                            
1     00006200  _UppRegs                              
0     00008bf2  _VCU_ISR                              
0     00008904  _WAKE_ISR                             
1     00007000  _WdRegs                               
0     000088dc  _XINT1_ISR                            
0     000088e6  _XINT2_ISR                            
0     00008bd4  _XINT3_ISR                            
0     00008bde  _XINT4_ISR                            
0     00008be8  _XINT5_ISR                            
1     00007920  _XbarRegs                             
1     00007070  _XintRegs                             
1     00000600  __STACK_END                           
abs   00000200  __STACK_SIZE                          
1     0000ac70  ___TI_cleanup_ptr                     
1     0000ac72  ___TI_dtors_ptr                       
1     0000ac6e  ___TI_enable_exit_profile_output      
abs   ffffffff  ___TI_pprof_out_hndl                  
abs   ffffffff  ___TI_prof_data_size                  
abs   ffffffff  ___TI_prof_data_start                 
abs   ffffffff  ___binit__                            
abs   ffffffff  ___c_args__                           
0     0000b000  ___cinit__                            
1     00011000  ___data__                             
1     00016ea4  ___edata__                            
abs   ffffffff  ___etext__                            
abs   ffffffff  ___pinit__                            
abs   ffffffff  ___text__                             
0     0000a181  __args_main                           
1     0000ac74  __lock                                
0     00009ff0  __nop                                 
0     00009fec  __register_lock                       
0     00009fe8  __register_unlock                     
1     00000400  __stack                               
0     000087fd  __system_post_cinit                   
0     000087fb  __system_pre_init                     
1     0000ac76  __unlock                              
0     0000a080  _abort                                
1     0000a807  _banderaEfecto                        
1     0000a805  _banderaEpwm                          
1     0000a808  _banderaMuestreo                      
0     0000a000  _c_int00                              
1     0000a800  _charRecibido                         
0     00009f2f  _cleanFloat                           
0     000097f3  _cleanSignal                          
1     0000ab00  _coeficientesDer                      
1     0000a880  _coeficientesIIR                      
1     0000a980  _coeficientesIzq                      
0     0000a11e  _copy_in                              
0     000087e9  _copysign                             
0     000087e9  _copysignf                            
0     000097b6  _delay                                
0     000084dc  _distorcion                           
1     0000a803  _efecto                               
1     0000ac78  _errno                                
1     0000a80c  _escalarADC                           
0     0000a082  _exit                                 
0     0000968a  _exp                                  
1     0000a81e  _expRev1                              
1     0000a828  _expRev2                              
0     0000968a  _expf                                 
1     0000a840  _filtros                              
0     00009f90  _floor                                
0     00009f90  _floorf                               
0     00008000  _freqOSC                              
1     0000a802  _instruccion                          
0     00009f36  _ldexp                                
0     00009f36  _ldexpf                               
1     0000a804  _limpiador                            
0     00008614  _main                                 
0     0000a164  _memcpy                               
0     000081d4  _modifFreqEPWM                        
0     0000979b  _movSignal                            
0     00009800  _pow                                  
0     00009800  _powf                                 
0     000085e0  _retardo                              
0     000097cc  _reverb                               
0     000085a3  _reverberacion                        
0     00008fc5  _round                                
0     00008fc5  _roundf                               
0     00008552  _saturacion                           
0     00009f36  _scalbn                               
0     00009f36  _scalbnf                              
1     0000a806  _sensorOrientacion                    
0     0000a0f8  _sqrt                                 
0     0000a0f8  _sqrtf                                
1     0000ac6a  _tempSensor_scaleFactor               
1     0000ac68  _tempSensor_tempOffset                
1     0000ac6c  _tempSensor_tempSlope                 
1     0000a801  _valor                                
abs   ffffffff  binit                                 
0     0000b000  cinit                                 
0     00000000  code_start                            
1     00016ea4  edata                                 
abs   ffffffff  etext                                 
abs   ffffffff  pinit                                 


GLOBAL SYMBOLS: SORTED BY Symbol Address 

page  address   name                                  
----  -------   ----                                  
0     00000000  code_start                            
0     00000123  _F28x_usDelay                         
0     00008000  _freqOSC                              
0     0000801a  _EPWM_Config                          
0     000081d4  _modifFreqEPWM                        
0     00008274  _ADC_Config                           
0     000082ba  _ADCSOC_Config                        
0     000083bf  _DAC_Config                           
0     000083eb  _SCI_Config                           
0     000084dc  _distorcion                           
0     00008552  _saturacion                           
0     000085a3  _reverberacion                        
0     000085e0  _retardo                              
0     00008614  _main                                 
0     000087e9  _copysign                             
0     000087e9  _copysignf                            
0     000087fb  __system_pre_init                     
0     000087fd  __system_post_cinit                   
0     00008800  _TIMER1_ISR                           
0     0000880a  _TIMER2_ISR                           
0     00008814  _DATALOG_ISR                          
0     0000881e  _RTOS_ISR                             
0     00008828  _EMU_ISR                              
0     00008832  _NMI_ISR                              
0     0000883c  _ILLEGAL_ISR                          
0     00008846  _USER1_ISR                            
0     00008850  _USER2_ISR                            
0     0000885a  _USER3_ISR                            
0     00008864  _USER4_ISR                            
0     0000886e  _USER5_ISR                            
0     00008878  _USER6_ISR                            
0     00008882  _USER7_ISR                            
0     0000888c  _USER8_ISR                            
0     00008896  _USER9_ISR                            
0     000088a0  _USER10_ISR                           
0     000088aa  _USER11_ISR                           
0     000088b4  _USER12_ISR                           
0     000088be  _ADCA1_ISR                            
0     000088c8  _ADCB1_ISR                            
0     000088d2  _ADCC1_ISR                            
0     000088dc  _XINT1_ISR                            
0     000088e6  _XINT2_ISR                            
0     000088f0  _ADCD1_ISR                            
0     000088fa  _TIMER0_ISR                           
0     00008904  _WAKE_ISR                             
0     0000890e  _EPWM1_TZ_ISR                         
0     00008918  _EPWM2_TZ_ISR                         
0     00008922  _EPWM3_TZ_ISR                         
0     0000892c  _EPWM4_TZ_ISR                         
0     00008936  _EPWM5_TZ_ISR                         
0     00008940  _EPWM6_TZ_ISR                         
0     0000894a  _EPWM7_TZ_ISR                         
0     00008954  _EPWM8_TZ_ISR                         
0     0000895e  _EPWM1_ISR                            
0     00008968  _EPWM2_ISR                            
0     00008972  _EPWM3_ISR                            
0     0000897c  _EPWM4_ISR                            
0     00008986  _EPWM5_ISR                            
0     00008990  _EPWM6_ISR                            
0     0000899a  _EPWM7_ISR                            
0     000089a4  _EPWM8_ISR                            
0     000089ae  _ECAP1_ISR                            
0     000089b8  _ECAP2_ISR                            
0     000089c2  _ECAP3_ISR                            
0     000089cc  _ECAP4_ISR                            
0     000089d6  _ECAP5_ISR                            
0     000089e0  _ECAP6_ISR                            
0     000089ea  _EQEP1_ISR                            
0     000089f4  _EQEP2_ISR                            
0     000089fe  _EQEP3_ISR                            
0     00008a08  _SPIA_RX_ISR                          
0     00008a12  _SPIA_TX_ISR                          
0     00008a1c  _SPIB_RX_ISR                          
0     00008a26  _SPIB_TX_ISR                          
0     00008a30  _MCBSPA_RX_ISR                        
0     00008a3a  _MCBSPA_TX_ISR                        
0     00008a44  _MCBSPB_RX_ISR                        
0     00008a4e  _MCBSPB_TX_ISR                        
0     00008a58  _DMA_CH1_ISR                          
0     00008a62  _DMA_CH2_ISR                          
0     00008a6c  _DMA_CH3_ISR                          
0     00008a76  _DMA_CH4_ISR                          
0     00008a80  _DMA_CH5_ISR                          
0     00008a8a  _DMA_CH6_ISR                          
0     00008a94  _I2CA_ISR                             
0     00008a9e  _I2CA_FIFO_ISR                        
0     00008aa8  _I2CB_ISR                             
0     00008ab2  _I2CB_FIFO_ISR                        
0     00008abc  _SCIC_RX_ISR                          
0     00008ac6  _SCIC_TX_ISR                          
0     00008ad0  _SCID_RX_ISR                          
0     00008ada  _SCID_TX_ISR                          
0     00008ae4  _SCIA_RX_ISR                          
0     00008aee  _SCIA_TX_ISR                          
0     00008af8  _SCIB_RX_ISR                          
0     00008b02  _SCIB_TX_ISR                          
0     00008b0c  _CANA0_ISR                            
0     00008b16  _CANA1_ISR                            
0     00008b20  _CANB0_ISR                            
0     00008b2a  _CANB1_ISR                            
0     00008b34  _ADCA_EVT_ISR                         
0     00008b3e  _ADCA2_ISR                            
0     00008b48  _ADCA3_ISR                            
0     00008b52  _ADCA4_ISR                            
0     00008b5c  _ADCB_EVT_ISR                         
0     00008b66  _ADCB2_ISR                            
0     00008b70  _ADCB3_ISR                            
0     00008b7a  _ADCB4_ISR                            
0     00008b84  _CLA1_1_ISR                           
0     00008b8e  _CLA1_2_ISR                           
0     00008b98  _CLA1_3_ISR                           
0     00008ba2  _CLA1_4_ISR                           
0     00008bac  _CLA1_5_ISR                           
0     00008bb6  _CLA1_6_ISR                           
0     00008bc0  _CLA1_7_ISR                           
0     00008bca  _CLA1_8_ISR                           
0     00008bd4  _XINT3_ISR                            
0     00008bde  _XINT4_ISR                            
0     00008be8  _XINT5_ISR                            
0     00008bf2  _VCU_ISR                              
0     00008bfc  _FPU_OVERFLOW_ISR                     
0     00008c06  _FPU_UNDERFLOW_ISR                    
0     00008c10  _IPC0_ISR                             
0     00008c1a  _IPC1_ISR                             
0     00008c24  _IPC2_ISR                             
0     00008c2e  _IPC3_ISR                             
0     00008c38  _EPWM9_TZ_ISR                         
0     00008c42  _EPWM10_TZ_ISR                        
0     00008c4c  _EPWM11_TZ_ISR                        
0     00008c56  _EPWM12_TZ_ISR                        
0     00008c60  _EPWM9_ISR                            
0     00008c6a  _EPWM10_ISR                           
0     00008c74  _EPWM11_ISR                           
0     00008c7e  _EPWM12_ISR                           
0     00008c88  _SD1_ISR                              
0     00008c92  _SD2_ISR                              
0     00008c9c  _SPIC_RX_ISR                          
0     00008ca6  _SPIC_TX_ISR                          
0     00008cb0  _UPPA_ISR                             
0     00008cba  _USBA_ISR                             
0     00008cc4  _ADCC_EVT_ISR                         
0     00008cce  _ADCC2_ISR                            
0     00008cd8  _ADCC3_ISR                            
0     00008ce2  _ADCC4_ISR                            
0     00008cec  _ADCD_EVT_ISR                         
0     00008cf6  _ADCD2_ISR                            
0     00008d00  _ADCD3_ISR                            
0     00008d0a  _ADCD4_ISR                            
0     00008d14  _EMIF_ERROR_ISR                       
0     00008d1e  _RAM_CORRECTABLE_ERROR_ISR            
0     00008d28  _FLASH_CORRECTABLE_ERROR_ISR          
0     00008d32  _RAM_ACCESS_VIOLATION_ISR             
0     00008d3c  _SYS_PLL_SLIP_ISR                     
0     00008d46  _AUX_PLL_SLIP_ISR                     
0     00008d50  _CLA_OVERFLOW_ISR                     
0     00008d5a  _CLA_UNDERFLOW_ISR                    
0     00008d64  _PIE_RESERVED_ISR                     
0     00008d6e  _EMPTY_ISR                            
0     00008d7b  _NOTUSED_ISR                          
0     00008d85  _InitGpio                             
0     00008dc5  _GPIO_SetupPinMux                     
0     00008e4d  _GPIO_SetupPinOptions                 
0     00008ee1  _GPIO_SetupLock                       
0     00008f0a  _GPIO_SetupXINT1Gpio                  
0     00008f14  _GPIO_SetupXINT2Gpio                  
0     00008f1e  _GPIO_SetupXINT3Gpio                  
0     00008f28  _GPIO_SetupXINT4Gpio                  
0     00008f32  _GPIO_SetupXINT5Gpio                  
0     00008f3c  _GPIO_EnableUnbondedIOPullupsFor176Pin
0     00008f55  _GPIO_EnableUnbondedIOPullupsFor100Pin
0     00008f7a  _GPIO_EnableUnbondedIOPullups         
0     00008f90  _GPIO_ReadPin                         
0     00008fa7  _GPIO_WritePin                        
0     00008fc5  _round                                
0     00008fc5  _roundf                               
0     00009000  _InitSysCtrl                          
0     00009031  _InitPeripheralClocks                 
0     000090b5  _DisablePeripheralClocks              
0     000090cd  _SeizeFlashPump_Bank0                 
0     000090dc  _SeizeFlashPump_Bank1                 
0     000090eb  _ReleaseFlashPump                     
0     000090f5  _ServiceDog                           
0     00009103  _DisableDog                           
0     00009111  _InitSysPll                           
0     000092ff  _InitAuxPll                           
0     000093ee  _CsmUnlock                            
0     0000940f  _SysIntOsc1Sel                        
0     0000941f  _SysIntOsc2Sel                        
0     00009433  _SysXtalOscSel                        
0     00009443  _AuxIntOsc2Sel                        
0     0000944d  _AuxXtalOscSel                        
0     00009459  _AuxAuxClkSel                         
0     00009463  _IDLE                                 
0     0000946c  _STANDBY                              
0     00009477  _HALT                                 
0     00009488  _HIB                                  
0     0000949c  _ADCA1_TEMP_isr                       
0     000094e0  _ADCB1_AUDIO_isr                      
0     0000950b  _EPWM7_isr                            
0     00009525  _EPWM8_isr                            
0     0000953f  _EPWM9_isr                            
0     0000955f  _SCIB_inter                           
0     0000968a  _exp                                  
0     0000968a  _expf                                 
0     0000979b  _movSignal                            
0     000097b6  _delay                                
0     000097cc  _reverb                               
0     000097f3  _cleanSignal                          
0     00009800  _pow                                  
0     00009800  _powf                                 
0     00009b81  _InitEPwmGpio                         
0     00009b9a  _InitEPwm1Gpio                        
0     00009bac  _InitEPwm2Gpio                        
0     00009bbe  _InitEPwm3Gpio                        
0     00009bd2  _InitEPwm4Gpio                        
0     00009be6  _InitEPwm5Gpio                        
0     00009bf8  _InitEPwm6Gpio                        
0     00009c0a  _InitEPwm7Gpio                        
0     00009c1e  _InitEPwm8Gpio                        
0     00009c32  _InitEPwm9Gpio                        
0     00009c4c  _InitEPwm10Gpio                       
0     00009c5f  _InitEPwm11Gpio                       
0     00009c73  _InitEPwm12Gpio                       
0     00009c86  _AdcSetMode                           
0     00009d3c  _CalAdcINL                            
0     00009d76  _InitTempSensor                       
0     00009dc3  _GetTemperatureC                      
0     00009e04  _GetTemperatureK                      
0     00009e40  FS$$DIV                               
0     00009ec8  _IIRFloat                             
0     00009f2f  _cleanFloat                           
0     00009f36  _ldexp                                
0     00009f36  _ldexpf                               
0     00009f36  _scalbn                               
0     00009f36  _scalbnf                              
0     00009f90  _floor                                
0     00009f90  _floorf                               
0     00009fe8  __register_unlock                     
0     00009fec  __register_lock                       
0     00009ff0  __nop                                 
0     0000a000  _c_int00                              
0     0000a056  L$$DIV                                
0     0000a065  L$$MOD                                
0     0000a073  UL$$DIV                               
0     0000a07a  UL$$MOD                               
0     0000a080  C$$EXIT                               
0     0000a080  _abort                                
0     0000a082  _exit                                 
0     0000a0a9  _InitPieCtrl                          
0     0000a0c8  _EnableInterrupts                     
0     0000a0d1  _InitPieVectTable                     
0     0000a0f8  _sqrt                                 
0     0000a0f8  _sqrtf                                
0     0000a11e  _copy_in                              
0     0000a142  I$$DIV                                
0     0000a153  I$$MOD                                
0     0000a164  _memcpy                               
0     0000a181  __args_main                           
0     0000b000  ___cinit__                            
0     0000b000  cinit                                 
1     00000400  __stack                               
1     00000600  __STACK_END                           
1     00000b00  _AdcaResultRegs                       
1     00000b20  _AdcbResultRegs                       
1     00000b40  _AdccResultRegs                       
1     00000b60  _AdcdResultRegs                       
1     00000c00  _CpuTimer0Regs                        
1     00000c08  _CpuTimer1Regs                        
1     00000c10  _CpuTimer2Regs                        
1     00000ce0  _PieCtrlRegs                          
1     00000d00  _PieVectTable                         
1     00001000  _DmaRegs                              
1     00001400  _Cla1Regs                             
1     00003000  _Clb1LogicCfgRegs                     
1     00003100  _Clb1LogicCtrlRegs                    
1     00003200  _Clb1DataExchRegs                     
1     00003400  _Clb2LogicCfgRegs                     
1     00003500  _Clb2LogicCtrlRegs                    
1     00003600  _Clb2DataExchRegs                     
1     00003800  _Clb3LogicCfgRegs                     
1     00003900  _Clb3LogicCtrlRegs                    
1     00003a00  _Clb3DataExchRegs                     
1     00003c00  _Clb4LogicCfgRegs                     
1     00003d00  _Clb4LogicCtrlRegs                    
1     00003e00  _Clb4DataExchRegs                     
1     00004000  _EPwm1Regs                            
1     00004100  _EPwm2Regs                            
1     00004200  _EPwm3Regs                            
1     00004300  _EPwm4Regs                            
1     00004400  _EPwm5Regs                            
1     00004500  _EPwm6Regs                            
1     00004600  _EPwm7Regs                            
1     00004700  _EPwm8Regs                            
1     00004800  _EPwm9Regs                            
1     00004900  _EPwm10Regs                           
1     00004a00  _EPwm11Regs                           
1     00004b00  _EPwm12Regs                           
1     00005000  _ECap1Regs                            
1     00005020  _ECap2Regs                            
1     00005040  _ECap3Regs                            
1     00005060  _ECap4Regs                            
1     00005080  _ECap5Regs                            
1     000050a0  _ECap6Regs                            
1     00005100  _EQep1Regs                            
1     00005140  _EQep2Regs                            
1     00005180  _EQep3Regs                            
1     00005c00  _DacaRegs                             
1     00005c10  _DacbRegs                             
1     00005c20  _DaccRegs                             
1     00005c80  _Cmpss1Regs                           
1     00005ca0  _Cmpss2Regs                           
1     00005cc0  _Cmpss3Regs                           
1     00005ce0  _Cmpss4Regs                           
1     00005d00  _Cmpss5Regs                           
1     00005d20  _Cmpss6Regs                           
1     00005d40  _Cmpss7Regs                           
1     00005d60  _Cmpss8Regs                           
1     00005e00  _Sdfm1Regs                            
1     00005e80  _Sdfm2Regs                            
1     00006000  _McbspaRegs                           
1     00006040  _McbspbRegs                           
1     00006100  _SpiaRegs                             
1     00006110  _SpibRegs                             
1     00006120  _SpicRegs                             
1     00006200  _UppRegs                              
1     00007000  _WdRegs                               
1     00007060  _NmiIntruptRegs                       
1     00007070  _XintRegs                             
1     00007200  _SciaRegs                             
1     00007210  _ScibRegs                             
1     00007220  _ScicRegs                             
1     00007230  _ScidRegs                             
1     00007300  _I2caRegs                             
1     00007340  _I2cbRegs                             
1     00007400  _AdcaRegs                             
1     00007480  _AdcbRegs                             
1     00007500  _AdccRegs                             
1     00007580  _AdcdRegs                             
1     00007900  _InputXbarRegs                        
1     00007920  _XbarRegs                             
1     00007940  _SyncSocRegs                          
1     00007980  _DmaClaSrcSelRegs                     
1     00007a00  _EPwmXbarRegs                         
1     00007a40  _ClbXbarRegs                          
1     00007a80  _OutputXbarRegs                       
1     00007c00  _GpioCtrlRegs                         
1     00007f00  _GpioDataRegs                         
1     0000a800  _charRecibido                         
1     0000a801  _valor                                
1     0000a802  _instruccion                          
1     0000a803  _efecto                               
1     0000a804  _limpiador                            
1     0000a805  _banderaEpwm                          
1     0000a806  _sensorOrientacion                    
1     0000a807  _banderaEfecto                        
1     0000a808  _banderaMuestreo                      
1     0000a80a  _ADCBcanal4                           
1     0000a80c  _escalarADC                           
1     0000a80e  _ADCBcanal2                           
1     0000a810  _SCI_Regs                             
1     0000a814  _ADC_Regs                             
1     0000a818  _DAC_Regs                             
1     0000a81e  _expRev1                              
1     0000a828  _expRev2                              
1     0000a840  _filtros                              
1     0000a854  _EPWM_Regs                            
1     0000a880  _coeficientesIIR                      
1     0000a980  _coeficientesIzq                      
1     0000ab00  _coeficientesDer                      
1     0000ac68  _tempSensor_tempOffset                
1     0000ac6a  _tempSensor_scaleFactor               
1     0000ac6c  _tempSensor_tempSlope                 
1     0000ac6e  ___TI_enable_exit_profile_output      
1     0000ac70  ___TI_cleanup_ptr                     
1     0000ac72  ___TI_dtors_ptr                       
1     0000ac74  __lock                                
1     0000ac76  __unlock                              
1     0000ac78  _errno                                
1     0000ac7a  _PieVectTableInit                     
1     00011000  .data                                 
1     00011000  ___data__                             
1     00016ea4  ___edata__                            
1     00016ea4  edata                                 
1     00047000  _Emif1Regs                            
1     00047800  _Emif2Regs                            
1     00048000  _CanaRegs                             
1     0004a000  _CanbRegs                             
1     00050024  _FlashPumpSemaphoreRegs               
1     0005d000  _DevCfgRegs                           
1     0005d180  _AnalogSubsysRegs                     
1     0005d200  _ClkCfgRegs                           
1     0005d300  _CpuSysRegs                           
1     0005e608  _RomPrefetchRegs                      
1     0005f000  _DcsmZ1Regs                           
1     0005f040  _DcsmZ2Regs                           
1     0005f070  _DcsmCommonRegs                       
1     0005f400  _MemCfgRegs                           
1     0005f480  _Emif1ConfigRegs                      
1     0005f4a0  _Emif2ConfigRegs                      
1     0005f4c0  _AccessProtectionRegs                 
1     0005f500  _MemoryErrorRegs                      
1     0005f540  _RomWaitStateRegs                     
1     0005f800  _Flash0CtrlRegs                       
1     0005fb00  _Flash0EccRegs                        
1     0005fc00  _Flash1CtrlRegs                       
1     0005ff00  _Flash1EccRegs                        
abs   00000200  __STACK_SIZE                          
abs   ffffffff  .text                                 
abs   ffffffff  ___TI_pprof_out_hndl                  
abs   ffffffff  ___TI_prof_data_size                  
abs   ffffffff  ___TI_prof_data_start                 
abs   ffffffff  ___binit__                            
abs   ffffffff  ___c_args__                           
abs   ffffffff  ___etext__                            
abs   ffffffff  ___pinit__                            
abs   ffffffff  ___text__                             
abs   ffffffff  binit                                 
abs   ffffffff  etext                                 
abs   ffffffff  pinit                                 

[419 symbols]
