<?xml version="1.0" encoding="ISO-8859-1" ?>
<link_info>
   <banner>TMS320C2000 Linker PC v18.1.8.LTS</banner>
   <copyright>Copyright (c) 1996-2018 Texas Instruments Incorporated</copyright>
   <link_time>0x60e51065</link_time>
   <link_errors>0x0</link_errors>
   <output_file>SingleEfectos.out</output_file>
   <entry_point>
      <name>_c_int00</name>
      <address>0x9122</address>
   </entry_point>
   <input_file_list>
      <input_file id="fl-2">
         <path>.\</path>
         <kind>object</kind>
         <file>F2837xS_Adc.obj</file>
         <name>F2837xS_Adc.obj</name>
      </input_file>
      <input_file id="fl-3">
         <path>.\</path>
         <kind>object</kind>
         <file>F2837xS_CodeStartBranch.obj</file>
         <name>F2837xS_CodeStartBranch.obj</name>
      </input_file>
      <input_file id="fl-4">
         <path>.\</path>
         <kind>object</kind>
         <file>F2837xS_DefaultISR.obj</file>
         <name>F2837xS_DefaultISR.obj</name>
      </input_file>
      <input_file id="fl-5">
         <path>.\</path>
         <kind>object</kind>
         <file>F2837xS_GlobalVariableDefs.obj</file>
         <name>F2837xS_GlobalVariableDefs.obj</name>
      </input_file>
      <input_file id="fl-6">
         <path>.\</path>
         <kind>object</kind>
         <file>F2837xS_Gpio.obj</file>
         <name>F2837xS_Gpio.obj</name>
      </input_file>
      <input_file id="fl-7">
         <path>.\</path>
         <kind>object</kind>
         <file>F2837xS_PieCtrl.obj</file>
         <name>F2837xS_PieCtrl.obj</name>
      </input_file>
      <input_file id="fl-8">
         <path>.\</path>
         <kind>object</kind>
         <file>F2837xS_PieVect.obj</file>
         <name>F2837xS_PieVect.obj</name>
      </input_file>
      <input_file id="fl-9">
         <path>.\</path>
         <kind>object</kind>
         <file>F2837xS_SysCtrl.obj</file>
         <name>F2837xS_SysCtrl.obj</name>
      </input_file>
      <input_file id="fl-a">
         <path>.\</path>
         <kind>object</kind>
         <file>F2837xS_TempSensorConv.obj</file>
         <name>F2837xS_TempSensorConv.obj</name>
      </input_file>
      <input_file id="fl-b">
         <path>.\</path>
         <kind>object</kind>
         <file>F2837xS_usDelay.obj</file>
         <name>F2837xS_usDelay.obj</name>
      </input_file>
      <input_file id="fl-c">
         <path>.\</path>
         <kind>object</kind>
         <file>singleSCI.obj</file>
         <name>singleSCI.obj</name>
      </input_file>
      <input_file id="fl-d">
         <path>.\HeadersASM\</path>
         <kind>object</kind>
         <file>delay.obj</file>
         <name>delay.obj</name>
      </input_file>
      <input_file id="fl-e">
         <path>.\HeadersASM\</path>
         <kind>object</kind>
         <file>reverb.obj</file>
         <name>reverb.obj</name>
      </input_file>
      <input_file id="fl-13">
         <kind>object</kind>
         <file>&lt;internal&gt;</file>
         <name>&lt;internal&gt;</name>
      </input_file>
      <input_file id="fl-1f">
         <path>D:\ti\ccsv8\tools\compiler\ti-cgt-c2000_18.1.8.LTS\lib\</path>
         <kind>archive</kind>
         <file>rts2800_fpu32.lib</file>
         <name>e_expf.c.obj</name>
      </input_file>
      <input_file id="fl-20">
         <path>D:\ti\ccsv8\tools\compiler\ti-cgt-c2000_18.1.8.LTS\lib\</path>
         <kind>archive</kind>
         <file>rts2800_fpu32.lib</file>
         <name>e_powf.c.obj</name>
      </input_file>
      <input_file id="fl-21">
         <path>D:\ti\ccsv8\tools\compiler\ti-cgt-c2000_18.1.8.LTS\lib\</path>
         <kind>archive</kind>
         <file>rts2800_fpu32.lib</file>
         <name>e_sqrtf.c.obj</name>
      </input_file>
      <input_file id="fl-22">
         <path>D:\ti\ccsv8\tools\compiler\ti-cgt-c2000_18.1.8.LTS\lib\</path>
         <kind>archive</kind>
         <file>rts2800_fpu32.lib</file>
         <name>s_roundf.c.obj</name>
      </input_file>
      <input_file id="fl-23">
         <path>D:\ti\ccsv8\tools\compiler\ti-cgt-c2000_18.1.8.LTS\lib\</path>
         <kind>archive</kind>
         <file>rts2800_fpu32.lib</file>
         <name>s_scalbnf.c.obj</name>
      </input_file>
      <input_file id="fl-24">
         <path>D:\ti\ccsv8\tools\compiler\ti-cgt-c2000_18.1.8.LTS\lib\</path>
         <kind>archive</kind>
         <file>rts2800_fpu32.lib</file>
         <name>boot28.asm.obj</name>
      </input_file>
      <input_file id="fl-25">
         <path>D:\ti\ccsv8\tools\compiler\ti-cgt-c2000_18.1.8.LTS\lib\</path>
         <kind>archive</kind>
         <file>rts2800_fpu32.lib</file>
         <name>fs_div28.asm.obj</name>
      </input_file>
      <input_file id="fl-26">
         <path>D:\ti\ccsv8\tools\compiler\ti-cgt-c2000_18.1.8.LTS\lib\</path>
         <kind>archive</kind>
         <file>rts2800_fpu32.lib</file>
         <name>l_div28.asm.obj</name>
      </input_file>
      <input_file id="fl-27">
         <path>D:\ti\ccsv8\tools\compiler\ti-cgt-c2000_18.1.8.LTS\lib\</path>
         <kind>archive</kind>
         <file>rts2800_fpu32.lib</file>
         <name>cpy_tbl.c.obj</name>
      </input_file>
      <input_file id="fl-28">
         <path>D:\ti\ccsv8\tools\compiler\ti-cgt-c2000_18.1.8.LTS\lib\</path>
         <kind>archive</kind>
         <file>rts2800_fpu32.lib</file>
         <name>memcpy.c.obj</name>
      </input_file>
      <input_file id="fl-29">
         <path>D:\ti\ccsv8\tools\compiler\ti-cgt-c2000_18.1.8.LTS\lib\</path>
         <kind>archive</kind>
         <file>rts2800_fpu32.lib</file>
         <name>pre_init.c.obj</name>
      </input_file>
      <input_file id="fl-2a">
         <path>D:\ti\ccsv8\tools\compiler\ti-cgt-c2000_18.1.8.LTS\lib\</path>
         <kind>archive</kind>
         <file>rts2800_fpu32.lib</file>
         <name>startup.c.obj</name>
      </input_file>
      <input_file id="fl-2b">
         <path>D:\ti\ccsv8\tools\compiler\ti-cgt-c2000_18.1.8.LTS\lib\</path>
         <kind>archive</kind>
         <file>rts2800_fpu32.lib</file>
         <name>errno.c.obj</name>
      </input_file>
      <input_file id="fl-2c">
         <path>D:\ti\ccsv8\tools\compiler\ti-cgt-c2000_18.1.8.LTS\lib\</path>
         <kind>archive</kind>
         <file>rts2800_fpu32.lib</file>
         <name>exit.c.obj</name>
      </input_file>
      <input_file id="fl-2d">
         <path>D:\ti\ccsv8\tools\compiler\ti-cgt-c2000_18.1.8.LTS\lib\</path>
         <kind>archive</kind>
         <file>rts2800_fpu32.lib</file>
         <name>_lock.c.obj</name>
      </input_file>
      <input_file id="fl-2e">
         <path>D:\ti\ccsv8\tools\compiler\ti-cgt-c2000_18.1.8.LTS\lib\</path>
         <kind>archive</kind>
         <file>rts2800_fpu32.lib</file>
         <name>args_main.c.obj</name>
      </input_file>
      <input_file id="fl-2f">
         <path>D:\ti\ccsv8\tools\compiler\ti-cgt-c2000_18.1.8.LTS\lib\</path>
         <kind>archive</kind>
         <file>rts2800_fpu32.lib</file>
         <name>s_copysignf.c.obj</name>
      </input_file>
      <input_file id="fl-30">
         <path>D:\ti\ccsv8\tools\compiler\ti-cgt-c2000_18.1.8.LTS\lib\</path>
         <kind>archive</kind>
         <file>rts2800_fpu32.lib</file>
         <name>s_floorf.c.obj</name>
      </input_file>
   </input_file_list>
   <object_component_list>
      <object_component id="oc-91">
         <name>codestart</name>
         <load_address>0x0</load_address>
         <run_address>0x0</run_address>
         <size>0x2</size>
         <input_file_ref idref="fl-3"/>
      </object_component>
      <object_component id="oc-1ab">
         <name>.text</name>
         <load_address>0x8000</load_address>
         <run_address>0x8000</run_address>
         <size>0x49c</size>
         <input_file_ref idref="fl-9"/>
      </object_component>
      <object_component id="oc-1a3">
         <name>.text</name>
         <load_address>0x849c</load_address>
         <run_address>0x849c</run_address>
         <size>0x2b7</size>
         <input_file_ref idref="fl-c"/>
      </object_component>
      <object_component id="oc-15f">
         <name>.text</name>
         <load_address>0x8753</load_address>
         <run_address>0x8753</run_address>
         <size>0x88</size>
         <input_file_ref idref="fl-25"/>
      </object_component>
      <object_component id="oc-19e">
         <name>.text</name>
         <load_address>0x87db</load_address>
         <run_address>0x87db</run_address>
         <size>0x24</size>
         <input_file_ref idref="fl-27"/>
      </object_component>
      <object_component id="oc-1a9">
         <name>.text</name>
         <load_address>0x8800</load_address>
         <run_address>0x8800</run_address>
         <size>0x381</size>
         <input_file_ref idref="fl-20"/>
      </object_component>
      <object_component id="oc-12c">
         <name>.text:retain</name>
         <load_address>0x8b81</load_address>
         <run_address>0x8b81</run_address>
         <size>0x1d3</size>
         <input_file_ref idref="fl-c"/>
      </object_component>
      <object_component id="oc-1aa">
         <name>.text</name>
         <load_address>0x8d54</load_address>
         <run_address>0x8d54</run_address>
         <size>0x111</size>
         <input_file_ref idref="fl-1f"/>
      </object_component>
      <object_component id="oc-1a8">
         <name>.text</name>
         <load_address>0x8e65</load_address>
         <run_address>0x8e65</run_address>
         <size>0xf0</size>
         <input_file_ref idref="fl-2"/>
      </object_component>
      <object_component id="oc-1b6">
         <name>.text</name>
         <load_address>0x8f55</load_address>
         <run_address>0x8f55</run_address>
         <size>0x5a</size>
         <input_file_ref idref="fl-23"/>
      </object_component>
      <object_component id="oc-137">
         <name>.text</name>
         <load_address>0x8faf</load_address>
         <run_address>0x8faf</run_address>
         <size>0x4e</size>
         <input_file_ref idref="fl-e"/>
      </object_component>
      <object_component id="oc-1a2">
         <name>.text</name>
         <load_address>0x9000</load_address>
         <run_address>0x9000</run_address>
         <size>0xca</size>
         <input_file_ref idref="fl-a"/>
      </object_component>
      <object_component id="oc-1af">
         <name>.text</name>
         <load_address>0x90ca</load_address>
         <run_address>0x90ca</run_address>
         <size>0x58</size>
         <input_file_ref idref="fl-30"/>
      </object_component>
      <object_component id="oc-8a">
         <name>.text</name>
         <load_address>0x9122</load_address>
         <run_address>0x9122</run_address>
         <size>0x56</size>
         <input_file_ref idref="fl-24"/>
      </object_component>
      <object_component id="oc-131">
         <name>.text</name>
         <load_address>0x9178</load_address>
         <run_address>0x9178</run_address>
         <size>0x3d</size>
         <input_file_ref idref="fl-d"/>
      </object_component>
      <object_component id="oc-164">
         <name>.text</name>
         <load_address>0x91b5</load_address>
         <run_address>0x91b5</run_address>
         <size>0x2a</size>
         <input_file_ref idref="fl-26"/>
      </object_component>
      <object_component id="oc-1a1">
         <name>.text</name>
         <load_address>0x91df</load_address>
         <run_address>0x91df</run_address>
         <size>0x29</size>
         <input_file_ref idref="fl-2c"/>
      </object_component>
      <object_component id="oc-1ad">
         <name>.text</name>
         <load_address>0x9208</load_address>
         <run_address>0x9208</run_address>
         <size>0x28</size>
         <input_file_ref idref="fl-7"/>
      </object_component>
      <object_component id="oc-1ae">
         <name>.text</name>
         <load_address>0x9230</load_address>
         <run_address>0x9230</run_address>
         <size>0x26</size>
         <input_file_ref idref="fl-8"/>
      </object_component>
      <object_component id="oc-1b2">
         <name>.text</name>
         <load_address>0x9256</load_address>
         <run_address>0x9256</run_address>
         <size>0x26</size>
         <input_file_ref idref="fl-21"/>
      </object_component>
      <object_component id="oc-1a5">
         <name>.text</name>
         <load_address>0x927c</load_address>
         <run_address>0x927c</run_address>
         <size>0x1d</size>
         <input_file_ref idref="fl-28"/>
      </object_component>
      <object_component id="oc-1a0">
         <name>.text</name>
         <load_address>0x9299</load_address>
         <run_address>0x9299</run_address>
         <size>0x19</size>
         <input_file_ref idref="fl-2e"/>
      </object_component>
      <object_component id="oc-1bc">
         <name>.text</name>
         <load_address>0x92b2</load_address>
         <run_address>0x92b2</run_address>
         <size>0x12</size>
         <input_file_ref idref="fl-2f"/>
      </object_component>
      <object_component id="oc-1b0">
         <name>.text</name>
         <load_address>0x92c4</load_address>
         <run_address>0x92c4</run_address>
         <size>0x9</size>
         <input_file_ref idref="fl-2d"/>
      </object_component>
      <object_component id="oc-90">
         <name>.text</name>
         <load_address>0x92cd</load_address>
         <run_address>0x92cd</run_address>
         <size>0x8</size>
         <input_file_ref idref="fl-3"/>
      </object_component>
      <object_component id="oc-97">
         <name>.text:retain</name>
         <load_address>0xb000</load_address>
         <run_address>0xb000</run_address>
         <size>0x585</size>
         <input_file_ref idref="fl-4"/>
      </object_component>
      <object_component id="oc-1ac">
         <name>.text</name>
         <load_address>0xb585</load_address>
         <run_address>0xb585</run_address>
         <size>0x240</size>
         <input_file_ref idref="fl-6"/>
      </object_component>
      <object_component id="oc-1a4">
         <name>.text</name>
         <load_address>0xb7c5</load_address>
         <run_address>0xb7c5</run_address>
         <size>0x38</size>
         <input_file_ref idref="fl-22"/>
      </object_component>
      <object_component id="oc-19d">
         <name>.text</name>
         <load_address>0xb7fd</load_address>
         <run_address>0xb7fd</run_address>
         <size>0x2</size>
         <input_file_ref idref="fl-29"/>
      </object_component>
      <object_component id="oc-19f">
         <name>.text</name>
         <load_address>0xb7ff</load_address>
         <run_address>0xb7ff</run_address>
         <size>0x1</size>
         <input_file_ref idref="fl-2a"/>
      </object_component>
      <object_component id="oc-12a">
         <name>.cinit</name>
         <load_address>0x123</load_address>
         <run_address>0x123</run_address>
         <size>0x49</size>
         <input_file_ref idref="fl-c"/>
      </object_component>
      <object_component id="oc-182">
         <name>.cinit</name>
         <load_address>0x16c</load_address>
         <run_address>0x16c</run_address>
         <size>0xe</size>
         <input_file_ref idref="fl-2c"/>
      </object_component>
      <object_component id="oc-1a7">
         <name>.cinit:__lock</name>
         <load_address>0x17a</load_address>
         <run_address>0x17a</run_address>
         <size>0x5</size>
         <input_file_ref idref="fl-2d"/>
      </object_component>
      <object_component id="oc-1b1">
         <name>.cinit:__unlock</name>
         <load_address>0x17f</load_address>
         <run_address>0x17f</run_address>
         <size>0x5</size>
         <input_file_ref idref="fl-2d"/>
      </object_component>
      <object_component id="oc-17e">
         <name>.cinit</name>
         <load_address>0x184</load_address>
         <run_address>0x184</run_address>
         <size>0x4</size>
         <input_file_ref idref="fl-2b"/>
      </object_component>
      <object_component id="oc-15a">
         <name>.reset</name>
         <load_address>0x3fffc0</load_address>
         <run_address>0x3fffc0</run_address>
         <size>0x2</size>
         <input_file_ref idref="fl-24"/>
      </object_component>
      <object_component id="oc-132">
         <name>.data</name>
         <load_address>0x11000</load_address>
         <run_address>0x11000</run_address>
         <size>0x2260</size>
         <input_file_ref idref="fl-d"/>
      </object_component>
      <object_component id="oc-138">
         <name>.data</name>
         <load_address>0x13260</load_address>
         <run_address>0x13260</run_address>
         <size>0x4</size>
         <input_file_ref idref="fl-e"/>
      </object_component>
      <object_component id="oc-159">
         <name>.stack</name>
         <uninitialized>true</uninitialized>
         <run_address>0x400</run_address>
         <size>0x0</size>
         <input_file_ref idref="fl-24"/>
      </object_component>
      <object_component id="oc-24e">
         <name>.stack</name>
         <uninitialized>true</uninitialized>
         <run_address>0x400</run_address>
         <size>0x0</size>
      </object_component>
      <object_component id="oc-11f">
         <name>.ebss</name>
         <uninitialized>true</uninitialized>
         <run_address>0xaa22</run_address>
         <size>0x6</size>
         <input_file_ref idref="fl-a"/>
      </object_component>
      <object_component id="oc-12b">
         <name>.ebss</name>
         <uninitialized>true</uninitialized>
         <run_address>0xaa40</run_address>
         <size>0x3e</size>
         <input_file_ref idref="fl-c"/>
      </object_component>
      <object_component id="oc-17f">
         <name>.ebss</name>
         <uninitialized>true</uninitialized>
         <run_address>0xaa32</run_address>
         <size>0x1</size>
         <input_file_ref idref="fl-2b"/>
      </object_component>
      <object_component id="oc-183">
         <name>.ebss</name>
         <uninitialized>true</uninitialized>
         <run_address>0xaa28</run_address>
         <size>0x6</size>
         <input_file_ref idref="fl-2c"/>
      </object_component>
      <object_component id="oc-1bb">
         <name>.ebss:__unlock</name>
         <uninitialized>true</uninitialized>
         <run_address>0xaa30</run_address>
         <size>0x2</size>
         <input_file_ref idref="fl-2d"/>
      </object_component>
      <object_component id="oc-1a6">
         <name>.ebss:__lock</name>
         <uninitialized>true</uninitialized>
         <run_address>0xaa2e</run_address>
         <size>0x2</size>
         <input_file_ref idref="fl-2d"/>
      </object_component>
      <object_component id="oc-1ba">
         <name>.econst:_PieVectTableInit</name>
         <load_address>0xa800</load_address>
         <run_address>0xa800</run_address>
         <size>0x1c0</size>
         <input_file_ref idref="fl-8"/>
      </object_component>
      <object_component id="oc-144">
         <name>.econst</name>
         <load_address>0xa9c0</load_address>
         <run_address>0xa9c0</run_address>
         <size>0x32</size>
         <input_file_ref idref="fl-20"/>
      </object_component>
      <object_component id="oc-13e">
         <name>.econst</name>
         <load_address>0xa9f2</load_address>
         <run_address>0xa9f2</run_address>
         <size>0x10</size>
         <input_file_ref idref="fl-1f"/>
      </object_component>
      <object_component id="oc-154">
         <name>.econst</name>
         <load_address>0xaa02</load_address>
         <run_address>0xaa02</run_address>
         <size>0x6</size>
         <input_file_ref idref="fl-23"/>
      </object_component>
      <object_component id="oc-1b3">
         <name>.econst:_bp</name>
         <load_address>0xaa08</load_address>
         <run_address>0xaa08</run_address>
         <size>0x4</size>
         <input_file_ref idref="fl-20"/>
      </object_component>
      <object_component id="oc-1b4">
         <name>.econst:_dp_h</name>
         <load_address>0xaa0c</load_address>
         <run_address>0xaa0c</run_address>
         <size>0x4</size>
         <input_file_ref idref="fl-20"/>
      </object_component>
      <object_component id="oc-1b5">
         <name>.econst:_dp_l</name>
         <load_address>0xaa10</load_address>
         <run_address>0xaa10</run_address>
         <size>0x4</size>
         <input_file_ref idref="fl-20"/>
      </object_component>
      <object_component id="oc-1b7">
         <name>.econst:_halF</name>
         <load_address>0xaa14</load_address>
         <run_address>0xaa14</run_address>
         <size>0x4</size>
         <input_file_ref idref="fl-1f"/>
      </object_component>
      <object_component id="oc-1b8">
         <name>.econst:_ln2HI</name>
         <load_address>0xaa18</load_address>
         <run_address>0xaa18</run_address>
         <size>0x4</size>
         <input_file_ref idref="fl-1f"/>
      </object_component>
      <object_component id="oc-1b9">
         <name>.econst:_ln2LO</name>
         <load_address>0xaa1c</load_address>
         <run_address>0xaa1c</run_address>
         <size>0x4</size>
         <input_file_ref idref="fl-1f"/>
      </object_component>
      <object_component id="oc-198">
         <name>.econst</name>
         <load_address>0xaa20</load_address>
         <run_address>0xaa20</run_address>
         <size>0x2</size>
         <input_file_ref idref="fl-30"/>
      </object_component>
      <object_component id="oc-124">
         <name>.TI.ramfunc</name>
         <load_address>0x18a</load_address>
         <run_address>0x18a</run_address>
         <size>0x4</size>
         <input_file_ref idref="fl-b"/>
      </object_component>
      <object_component id="oc-108">
         <name>PieVectTableFile</name>
         <uninitialized>true</uninitialized>
         <run_address>0xd00</run_address>
         <size>0x1c0</size>
         <input_file_ref idref="fl-5"/>
      </object_component>
      <object_component id="oc-d7">
         <name>AccessProtectionRegsFile</name>
         <uninitialized>true</uninitialized>
         <run_address>0x5f4c0</run_address>
         <size>0x2e</size>
         <input_file_ref idref="fl-5"/>
      </object_component>
      <object_component id="oc-ef">
         <name>AdcaRegsFile</name>
         <uninitialized>true</uninitialized>
         <run_address>0x7400</run_address>
         <size>0x7c</size>
         <input_file_ref idref="fl-5"/>
      </object_component>
      <object_component id="oc-ec">
         <name>AdcbRegsFile</name>
         <uninitialized>true</uninitialized>
         <run_address>0x7480</run_address>
         <size>0x7c</size>
         <input_file_ref idref="fl-5"/>
      </object_component>
      <object_component id="oc-ed">
         <name>AdccRegsFile</name>
         <uninitialized>true</uninitialized>
         <run_address>0x7500</run_address>
         <size>0x7c</size>
         <input_file_ref idref="fl-5"/>
      </object_component>
      <object_component id="oc-ee">
         <name>AdcdRegsFile</name>
         <uninitialized>true</uninitialized>
         <run_address>0x7580</run_address>
         <size>0x7c</size>
         <input_file_ref idref="fl-5"/>
      </object_component>
      <object_component id="oc-b7">
         <name>AdcaResultRegsFile</name>
         <uninitialized>true</uninitialized>
         <run_address>0xb00</run_address>
         <size>0x18</size>
         <input_file_ref idref="fl-5"/>
      </object_component>
      <object_component id="oc-b5">
         <name>AdcbResultRegsFile</name>
         <uninitialized>true</uninitialized>
         <run_address>0xb20</run_address>
         <size>0x18</size>
         <input_file_ref idref="fl-5"/>
      </object_component>
      <object_component id="oc-b6">
         <name>AdccResultRegsFile</name>
         <uninitialized>true</uninitialized>
         <run_address>0xb40</run_address>
         <size>0x18</size>
         <input_file_ref idref="fl-5"/>
      </object_component>
      <object_component id="oc-b4">
         <name>AdcdResultRegsFile</name>
         <uninitialized>true</uninitialized>
         <run_address>0xb60</run_address>
         <size>0x18</size>
         <input_file_ref idref="fl-5"/>
      </object_component>
      <object_component id="oc-dc">
         <name>AnalogSubsysRegsFile</name>
         <uninitialized>true</uninitialized>
         <run_address>0x5d180</run_address>
         <size>0x3e</size>
         <input_file_ref idref="fl-5"/>
      </object_component>
      <object_component id="oc-104">
         <name>CanaRegsFile</name>
         <uninitialized>true</uninitialized>
         <run_address>0x48000</run_address>
         <size>0x164</size>
         <input_file_ref idref="fl-5"/>
      </object_component>
      <object_component id="oc-103">
         <name>CanbRegsFile</name>
         <uninitialized>true</uninitialized>
         <run_address>0x4a000</run_address>
         <size>0x164</size>
         <input_file_ref idref="fl-5"/>
      </object_component>
      <object_component id="oc-de">
         <name>Cla1RegsFile</name>
         <uninitialized>true</uninitialized>
         <run_address>0x1400</run_address>
         <size>0x3e</size>
         <input_file_ref idref="fl-5"/>
      </object_component>
      <object_component id="oc-ff">
         <name>Clb1DataExchRegsFile</name>
         <uninitialized>true</uninitialized>
         <run_address>0x3200</run_address>
         <size>0x108</size>
         <input_file_ref idref="fl-5"/>
      </object_component>
      <object_component id="oc-100">
         <name>Clb2DataExchRegsFile</name>
         <uninitialized>true</uninitialized>
         <run_address>0x3600</run_address>
         <size>0x108</size>
         <input_file_ref idref="fl-5"/>
      </object_component>
      <object_component id="oc-101">
         <name>Clb3DataExchRegsFile</name>
         <uninitialized>true</uninitialized>
         <run_address>0x3a00</run_address>
         <size>0x108</size>
         <input_file_ref idref="fl-5"/>
      </object_component>
      <object_component id="oc-fe">
         <name>Clb4DataExchRegsFile</name>
         <uninitialized>true</uninitialized>
         <run_address>0x3e00</run_address>
         <size>0x108</size>
         <input_file_ref idref="fl-5"/>
      </object_component>
      <object_component id="oc-db">
         <name>Clb1LogicCfgRegsFile</name>
         <uninitialized>true</uninitialized>
         <run_address>0x3000</run_address>
         <size>0x3e</size>
         <input_file_ref idref="fl-5"/>
      </object_component>
      <object_component id="oc-df">
         <name>Clb2LogicCfgRegsFile</name>
         <uninitialized>true</uninitialized>
         <run_address>0x3400</run_address>
         <size>0x3e</size>
         <input_file_ref idref="fl-5"/>
      </object_component>
      <object_component id="oc-e0">
         <name>Clb3LogicCfgRegsFile</name>
         <uninitialized>true</uninitialized>
         <run_address>0x3800</run_address>
         <size>0x3e</size>
         <input_file_ref idref="fl-5"/>
      </object_component>
      <object_component id="oc-dd">
         <name>Clb4LogicCfgRegsFile</name>
         <uninitialized>true</uninitialized>
         <run_address>0x3c00</run_address>
         <size>0x3e</size>
         <input_file_ref idref="fl-5"/>
      </object_component>
      <object_component id="oc-e5">
         <name>Clb1LogicCtrlRegsFile</name>
         <uninitialized>true</uninitialized>
         <run_address>0x3100</run_address>
         <size>0x40</size>
         <input_file_ref idref="fl-5"/>
      </object_component>
      <object_component id="oc-e6">
         <name>Clb2LogicCtrlRegsFile</name>
         <uninitialized>true</uninitialized>
         <run_address>0x3500</run_address>
         <size>0x40</size>
         <input_file_ref idref="fl-5"/>
      </object_component>
      <object_component id="oc-e4">
         <name>Clb3LogicCtrlRegsFile</name>
         <uninitialized>true</uninitialized>
         <run_address>0x3900</run_address>
         <size>0x40</size>
         <input_file_ref idref="fl-5"/>
      </object_component>
      <object_component id="oc-e2">
         <name>Clb4LogicCtrlRegsFile</name>
         <uninitialized>true</uninitialized>
         <run_address>0x3d00</run_address>
         <size>0x40</size>
         <input_file_ref idref="fl-5"/>
      </object_component>
      <object_component id="oc-e3">
         <name>ClbXbarRegsFile</name>
         <uninitialized>true</uninitialized>
         <run_address>0x7a40</run_address>
         <size>0x40</size>
         <input_file_ref idref="fl-5"/>
      </object_component>
      <object_component id="oc-d9">
         <name>ClkCfgRegsFile</name>
         <uninitialized>true</uninitialized>
         <run_address>0x5d200</run_address>
         <size>0x32</size>
         <input_file_ref idref="fl-5"/>
      </object_component>
      <object_component id="oc-c6">
         <name>Cmpss1RegsFile</name>
         <uninitialized>true</uninitialized>
         <run_address>0x5c80</run_address>
         <size>0x1b</size>
         <input_file_ref idref="fl-5"/>
      </object_component>
      <object_component id="oc-c5">
         <name>Cmpss2RegsFile</name>
         <uninitialized>true</uninitialized>
         <run_address>0x5ca0</run_address>
         <size>0x1b</size>
         <input_file_ref idref="fl-5"/>
      </object_component>
      <object_component id="oc-c1">
         <name>Cmpss3RegsFile</name>
         <uninitialized>true</uninitialized>
         <run_address>0x5cc0</run_address>
         <size>0x1b</size>
         <input_file_ref idref="fl-5"/>
      </object_component>
      <object_component id="oc-c2">
         <name>Cmpss4RegsFile</name>
         <uninitialized>true</uninitialized>
         <run_address>0x5ce0</run_address>
         <size>0x1b</size>
         <input_file_ref idref="fl-5"/>
      </object_component>
      <object_component id="oc-c4">
         <name>Cmpss5RegsFile</name>
         <uninitialized>true</uninitialized>
         <run_address>0x5d00</run_address>
         <size>0x1b</size>
         <input_file_ref idref="fl-5"/>
      </object_component>
      <object_component id="oc-c3">
         <name>Cmpss6RegsFile</name>
         <uninitialized>true</uninitialized>
         <run_address>0x5d20</run_address>
         <size>0x1b</size>
         <input_file_ref idref="fl-5"/>
      </object_component>
      <object_component id="oc-c0">
         <name>Cmpss7RegsFile</name>
         <uninitialized>true</uninitialized>
         <run_address>0x5d40</run_address>
         <size>0x1b</size>
         <input_file_ref idref="fl-5"/>
      </object_component>
      <object_component id="oc-c7">
         <name>Cmpss8RegsFile</name>
         <uninitialized>true</uninitialized>
         <run_address>0x5d60</run_address>
         <size>0x1b</size>
         <input_file_ref idref="fl-5"/>
      </object_component>
      <object_component id="oc-a6">
         <name>CpuTimer0RegsFile</name>
         <uninitialized>true</uninitialized>
         <run_address>0xc00</run_address>
         <size>0x8</size>
         <input_file_ref idref="fl-5"/>
      </object_component>
      <object_component id="oc-a7">
         <name>CpuTimer1RegsFile</name>
         <uninitialized>true</uninitialized>
         <run_address>0xc08</run_address>
         <size>0x8</size>
         <input_file_ref idref="fl-5"/>
      </object_component>
      <object_component id="oc-a8">
         <name>CpuTimer2RegsFile</name>
         <uninitialized>true</uninitialized>
         <run_address>0xc10</run_address>
         <size>0x8</size>
         <input_file_ref idref="fl-5"/>
      </object_component>
      <object_component id="oc-f0">
         <name>CpuSysRegsFile</name>
         <uninitialized>true</uninitialized>
         <run_address>0x5d300</run_address>
         <size>0x82</size>
         <input_file_ref idref="fl-5"/>
      </object_component>
      <object_component id="oc-a3">
         <name>DacaRegsFile</name>
         <uninitialized>true</uninitialized>
         <run_address>0x5c00</run_address>
         <size>0x7</size>
         <input_file_ref idref="fl-5"/>
      </object_component>
      <object_component id="oc-a5">
         <name>DacbRegsFile</name>
         <uninitialized>true</uninitialized>
         <run_address>0x5c10</run_address>
         <size>0x7</size>
         <input_file_ref idref="fl-5"/>
      </object_component>
      <object_component id="oc-a2">
         <name>DaccRegsFile</name>
         <uninitialized>true</uninitialized>
         <run_address>0x5c20</run_address>
         <size>0x7</size>
         <input_file_ref idref="fl-5"/>
      </object_component>
      <object_component id="oc-a0">
         <name>DcsmCommonRegsFile</name>
         <uninitialized>true</uninitialized>
         <run_address>0x5f070</run_address>
         <size>0x6</size>
         <input_file_ref idref="fl-5"/>
      </object_component>
      <object_component id="oc-ce">
         <name>DcsmZ1RegsFile</name>
         <uninitialized>true</uninitialized>
         <run_address>0x5f000</run_address>
         <size>0x22</size>
         <input_file_ref idref="fl-5"/>
      </object_component>
      <object_component id="oc-cd">
         <name>DcsmZ2RegsFile</name>
         <uninitialized>true</uninitialized>
         <run_address>0x5f040</run_address>
         <size>0x22</size>
         <input_file_ref idref="fl-5"/>
      </object_component>
      <object_component id="oc-102">
         <name>DevCfgRegsFile</name>
         <uninitialized>true</uninitialized>
         <run_address>0x5d000</run_address>
         <size>0x12e</size>
         <input_file_ref idref="fl-5"/>
      </object_component>
      <object_component id="oc-b9">
         <name>DmaClaSrcSelRegsFile</name>
         <uninitialized>true</uninitialized>
         <run_address>0x7980</run_address>
         <size>0x1a</size>
         <input_file_ref idref="fl-5"/>
      </object_component>
      <object_component id="oc-f1">
         <name>DmaRegsFile</name>
         <uninitialized>true</uninitialized>
         <run_address>0x1000</run_address>
         <size>0xe0</size>
         <input_file_ref idref="fl-5"/>
      </object_component>
      <object_component id="oc-b8">
         <name>ECap1RegsFile</name>
         <uninitialized>true</uninitialized>
         <run_address>0x5000</run_address>
         <size>0x1a</size>
         <input_file_ref idref="fl-5"/>
      </object_component>
      <object_component id="oc-bf">
         <name>ECap2RegsFile</name>
         <uninitialized>true</uninitialized>
         <run_address>0x5020</run_address>
         <size>0x1a</size>
         <input_file_ref idref="fl-5"/>
      </object_component>
      <object_component id="oc-bd">
         <name>ECap3RegsFile</name>
         <uninitialized>true</uninitialized>
         <run_address>0x5040</run_address>
         <size>0x1a</size>
         <input_file_ref idref="fl-5"/>
      </object_component>
      <object_component id="oc-be">
         <name>ECap4RegsFile</name>
         <uninitialized>true</uninitialized>
         <run_address>0x5060</run_address>
         <size>0x1a</size>
         <input_file_ref idref="fl-5"/>
      </object_component>
      <object_component id="oc-bc">
         <name>ECap5RegsFile</name>
         <uninitialized>true</uninitialized>
         <run_address>0x5080</run_address>
         <size>0x1a</size>
         <input_file_ref idref="fl-5"/>
      </object_component>
      <object_component id="oc-ba">
         <name>ECap6RegsFile</name>
         <uninitialized>true</uninitialized>
         <run_address>0x50a0</run_address>
         <size>0x1a</size>
         <input_file_ref idref="fl-5"/>
      </object_component>
      <object_component id="oc-a9">
         <name>Emif1ConfigRegsFile</name>
         <uninitialized>true</uninitialized>
         <run_address>0x5f480</run_address>
         <size>0xa</size>
         <input_file_ref idref="fl-5"/>
      </object_component>
      <object_component id="oc-aa">
         <name>Emif2ConfigRegsFile</name>
         <uninitialized>true</uninitialized>
         <run_address>0x5f4a0</run_address>
         <size>0xa</size>
         <input_file_ref idref="fl-5"/>
      </object_component>
      <object_component id="oc-d4">
         <name>Emif1RegsFile</name>
         <uninitialized>true</uninitialized>
         <run_address>0x47000</run_address>
         <size>0x28</size>
         <input_file_ref idref="fl-5"/>
      </object_component>
      <object_component id="oc-d2">
         <name>Emif2RegsFile</name>
         <uninitialized>true</uninitialized>
         <run_address>0x47800</run_address>
         <size>0x28</size>
         <input_file_ref idref="fl-5"/>
      </object_component>
      <object_component id="oc-f7">
         <name>EPwm1RegsFile</name>
         <uninitialized>true</uninitialized>
         <run_address>0x4000</run_address>
         <size>0x100</size>
         <input_file_ref idref="fl-5"/>
      </object_component>
      <object_component id="oc-f6">
         <name>EPwm2RegsFile</name>
         <uninitialized>true</uninitialized>
         <run_address>0x4100</run_address>
         <size>0x100</size>
         <input_file_ref idref="fl-5"/>
      </object_component>
      <object_component id="oc-f9">
         <name>EPwm3RegsFile</name>
         <uninitialized>true</uninitialized>
         <run_address>0x4200</run_address>
         <size>0x100</size>
         <input_file_ref idref="fl-5"/>
      </object_component>
      <object_component id="oc-f8">
         <name>EPwm4RegsFile</name>
         <uninitialized>true</uninitialized>
         <run_address>0x4300</run_address>
         <size>0x100</size>
         <input_file_ref idref="fl-5"/>
      </object_component>
      <object_component id="oc-f3">
         <name>EPwm5RegsFile</name>
         <uninitialized>true</uninitialized>
         <run_address>0x4400</run_address>
         <size>0x100</size>
         <input_file_ref idref="fl-5"/>
      </object_component>
      <object_component id="oc-f2">
         <name>EPwm6RegsFile</name>
         <uninitialized>true</uninitialized>
         <run_address>0x4500</run_address>
         <size>0x100</size>
         <input_file_ref idref="fl-5"/>
      </object_component>
      <object_component id="oc-f5">
         <name>EPwm7RegsFile</name>
         <uninitialized>true</uninitialized>
         <run_address>0x4600</run_address>
         <size>0x100</size>
         <input_file_ref idref="fl-5"/>
      </object_component>
      <object_component id="oc-f4">
         <name>EPwm8RegsFile</name>
         <uninitialized>true</uninitialized>
         <run_address>0x4700</run_address>
         <size>0x100</size>
         <input_file_ref idref="fl-5"/>
      </object_component>
      <object_component id="oc-fc">
         <name>EPwm9RegsFile</name>
         <uninitialized>true</uninitialized>
         <run_address>0x4800</run_address>
         <size>0x100</size>
         <input_file_ref idref="fl-5"/>
      </object_component>
      <object_component id="oc-fd">
         <name>EPwm10RegsFile</name>
         <uninitialized>true</uninitialized>
         <run_address>0x4900</run_address>
         <size>0x100</size>
         <input_file_ref idref="fl-5"/>
      </object_component>
      <object_component id="oc-fa">
         <name>EPwm11RegsFile</name>
         <uninitialized>true</uninitialized>
         <run_address>0x4a00</run_address>
         <size>0x100</size>
         <input_file_ref idref="fl-5"/>
      </object_component>
      <object_component id="oc-fb">
         <name>EPwm12RegsFile</name>
         <uninitialized>true</uninitialized>
         <run_address>0x4b00</run_address>
         <size>0x100</size>
         <input_file_ref idref="fl-5"/>
      </object_component>
      <object_component id="oc-e1">
         <name>EPwmXbarRegsFile</name>
         <uninitialized>true</uninitialized>
         <run_address>0x7a00</run_address>
         <size>0x40</size>
         <input_file_ref idref="fl-5"/>
      </object_component>
      <object_component id="oc-ca">
         <name>EQep1RegsFile</name>
         <uninitialized>true</uninitialized>
         <run_address>0x5100</run_address>
         <size>0x22</size>
         <input_file_ref idref="fl-5"/>
      </object_component>
      <object_component id="oc-cc">
         <name>EQep2RegsFile</name>
         <uninitialized>true</uninitialized>
         <run_address>0x5140</run_address>
         <size>0x22</size>
         <input_file_ref idref="fl-5"/>
      </object_component>
      <object_component id="oc-cf">
         <name>EQep3RegsFile</name>
         <uninitialized>true</uninitialized>
         <run_address>0x5180</run_address>
         <size>0x22</size>
         <input_file_ref idref="fl-5"/>
      </object_component>
      <object_component id="oc-106">
         <name>Flash0CtrlRegsFile</name>
         <uninitialized>true</uninitialized>
         <run_address>0x5f800</run_address>
         <size>0x182</size>
         <input_file_ref idref="fl-5"/>
      </object_component>
      <object_component id="oc-107">
         <name>Flash1CtrlRegsFile</name>
         <uninitialized>true</uninitialized>
         <run_address>0x5fc00</run_address>
         <size>0x182</size>
         <input_file_ref idref="fl-5"/>
      </object_component>
      <object_component id="oc-d5">
         <name>Flash0EccRegsFile</name>
         <uninitialized>true</uninitialized>
         <run_address>0x5fb00</run_address>
         <size>0x28</size>
         <input_file_ref idref="fl-5"/>
      </object_component>
      <object_component id="oc-d3">
         <name>Flash1EccRegsFile</name>
         <uninitialized>true</uninitialized>
         <run_address>0x5ff00</run_address>
         <size>0x28</size>
         <input_file_ref idref="fl-5"/>
      </object_component>
      <object_component id="oc-9e">
         <name>FlashPumpSemaphoreRegsFile</name>
         <uninitialized>true</uninitialized>
         <run_address>0x50024</run_address>
         <size>0x2</size>
         <input_file_ref idref="fl-5"/>
      </object_component>
      <object_component id="oc-105">
         <name>GpioCtrlRegsFile</name>
         <uninitialized>true</uninitialized>
         <run_address>0x7c00</run_address>
         <size>0x180</size>
         <input_file_ref idref="fl-5"/>
      </object_component>
      <object_component id="oc-d8">
         <name>GpioDataRegsFile</name>
         <uninitialized>true</uninitialized>
         <run_address>0x7f00</run_address>
         <size>0x30</size>
         <input_file_ref idref="fl-5"/>
      </object_component>
      <object_component id="oc-cb">
         <name>I2caRegsFile</name>
         <uninitialized>true</uninitialized>
         <run_address>0x7300</run_address>
         <size>0x22</size>
         <input_file_ref idref="fl-5"/>
      </object_component>
      <object_component id="oc-c9">
         <name>I2cbRegsFile</name>
         <uninitialized>true</uninitialized>
         <run_address>0x7340</run_address>
         <size>0x22</size>
         <input_file_ref idref="fl-5"/>
      </object_component>
      <object_component id="oc-c8">
         <name>InputXbarRegsFile</name>
         <uninitialized>true</uninitialized>
         <run_address>0x7900</run_address>
         <size>0x20</size>
         <input_file_ref idref="fl-5"/>
      </object_component>
      <object_component id="oc-da">
         <name>MemoryErrorRegsFile</name>
         <uninitialized>true</uninitialized>
         <run_address>0x5f500</run_address>
         <size>0x3a</size>
         <input_file_ref idref="fl-5"/>
      </object_component>
      <object_component id="oc-eb">
         <name>MemCfgRegsFile</name>
         <uninitialized>true</uninitialized>
         <run_address>0x5f400</run_address>
         <size>0x76</size>
         <input_file_ref idref="fl-5"/>
      </object_component>
      <object_component id="oc-d1">
         <name>McbspaRegsFile</name>
         <uninitialized>true</uninitialized>
         <run_address>0x6000</run_address>
         <size>0x24</size>
         <input_file_ref idref="fl-5"/>
      </object_component>
      <object_component id="oc-d0">
         <name>McbspbRegsFile</name>
         <uninitialized>true</uninitialized>
         <run_address>0x6040</run_address>
         <size>0x24</size>
         <input_file_ref idref="fl-5"/>
      </object_component>
      <object_component id="oc-a4">
         <name>NmiIntruptRegsFile</name>
         <uninitialized>true</uninitialized>
         <run_address>0x7060</run_address>
         <size>0x7</size>
         <input_file_ref idref="fl-5"/>
      </object_component>
      <object_component id="oc-e7">
         <name>OutputXbarRegsFile</name>
         <uninitialized>true</uninitialized>
         <run_address>0x7a80</run_address>
         <size>0x40</size>
         <input_file_ref idref="fl-5"/>
      </object_component>
      <object_component id="oc-bb">
         <name>PieCtrlRegsFile</name>
         <uninitialized>true</uninitialized>
         <run_address>0xce0</run_address>
         <size>0x1a</size>
         <input_file_ref idref="fl-5"/>
      </object_component>
      <object_component id="oc-9d">
         <name>RomPrefetchRegsFile</name>
         <uninitialized>true</uninitialized>
         <run_address>0x5e608</run_address>
         <size>0x2</size>
         <input_file_ref idref="fl-5"/>
      </object_component>
      <object_component id="oc-9f">
         <name>RomWaitStateRegsFile</name>
         <uninitialized>true</uninitialized>
         <run_address>0x5f540</run_address>
         <size>0x2</size>
         <input_file_ref idref="fl-5"/>
      </object_component>
      <object_component id="oc-b0">
         <name>SciaRegsFile</name>
         <uninitialized>true</uninitialized>
         <run_address>0x7200</run_address>
         <size>0x10</size>
         <input_file_ref idref="fl-5"/>
      </object_component>
      <object_component id="oc-b3">
         <name>ScibRegsFile</name>
         <uninitialized>true</uninitialized>
         <run_address>0x7210</run_address>
         <size>0x10</size>
         <input_file_ref idref="fl-5"/>
      </object_component>
      <object_component id="oc-ae">
         <name>ScicRegsFile</name>
         <uninitialized>true</uninitialized>
         <run_address>0x7220</run_address>
         <size>0x10</size>
         <input_file_ref idref="fl-5"/>
      </object_component>
      <object_component id="oc-ad">
         <name>ScidRegsFile</name>
         <uninitialized>true</uninitialized>
         <run_address>0x7230</run_address>
         <size>0x10</size>
         <input_file_ref idref="fl-5"/>
      </object_component>
      <object_component id="oc-ea">
         <name>Sdfm1RegsFile</name>
         <uninitialized>true</uninitialized>
         <run_address>0x5e00</run_address>
         <size>0x48</size>
         <input_file_ref idref="fl-5"/>
      </object_component>
      <object_component id="oc-e8">
         <name>Sdfm2RegsFile</name>
         <uninitialized>true</uninitialized>
         <run_address>0x5e80</run_address>
         <size>0x48</size>
         <input_file_ref idref="fl-5"/>
      </object_component>
      <object_component id="oc-b2">
         <name>SpiaRegsFile</name>
         <uninitialized>true</uninitialized>
         <run_address>0x6100</run_address>
         <size>0x10</size>
         <input_file_ref idref="fl-5"/>
      </object_component>
      <object_component id="oc-af">
         <name>SpibRegsFile</name>
         <uninitialized>true</uninitialized>
         <run_address>0x6110</run_address>
         <size>0x10</size>
         <input_file_ref idref="fl-5"/>
      </object_component>
      <object_component id="oc-b1">
         <name>SpicRegsFile</name>
         <uninitialized>true</uninitialized>
         <run_address>0x6120</run_address>
         <size>0x10</size>
         <input_file_ref idref="fl-5"/>
      </object_component>
      <object_component id="oc-a1">
         <name>SyncSocRegsFile</name>
         <uninitialized>true</uninitialized>
         <run_address>0x7940</run_address>
         <size>0x6</size>
         <input_file_ref idref="fl-5"/>
      </object_component>
      <object_component id="oc-e9">
         <name>UppRegsFile</name>
         <uninitialized>true</uninitialized>
         <run_address>0x6200</run_address>
         <size>0x48</size>
         <input_file_ref idref="fl-5"/>
      </object_component>
      <object_component id="oc-d6">
         <name>WdRegsFile</name>
         <uninitialized>true</uninitialized>
         <run_address>0x7000</run_address>
         <size>0x2b</size>
         <input_file_ref idref="fl-5"/>
      </object_component>
      <object_component id="oc-ac">
         <name>XbarRegsFile</name>
         <uninitialized>true</uninitialized>
         <run_address>0x7920</run_address>
         <size>0xe</size>
         <input_file_ref idref="fl-5"/>
      </object_component>
      <object_component id="oc-ab">
         <name>XintRegsFile</name>
         <uninitialized>true</uninitialized>
         <run_address>0x7070</run_address>
         <size>0xb</size>
         <input_file_ref idref="fl-5"/>
      </object_component>
      <object_component id="oc-8b">
         <name>.debug_info</name>
         <load_address>0x0</load_address>
         <run_address>0x0</run_address>
         <size>0x49f6</size>
         <input_file_ref idref="fl-2"/>
      </object_component>
      <object_component id="oc-92">
         <name>.debug_info</name>
         <load_address>0x49f6</load_address>
         <run_address>0x49f6</run_address>
         <size>0x1d9</size>
         <input_file_ref idref="fl-3"/>
      </object_component>
      <object_component id="oc-96">
         <name>.debug_info</name>
         <load_address>0x4bcf</load_address>
         <run_address>0x4bcf</run_address>
         <size>0x7f06</size>
         <input_file_ref idref="fl-4"/>
      </object_component>
      <object_component id="oc-9c">
         <name>.debug_info</name>
         <load_address>0xcad5</load_address>
         <run_address>0xcad5</run_address>
         <size>0x5480d</size>
         <input_file_ref idref="fl-5"/>
      </object_component>
      <object_component id="oc-10a">
         <name>.debug_info</name>
         <load_address>0x612e2</load_address>
         <run_address>0x612e2</run_address>
         <size>0x19164</size>
         <input_file_ref idref="fl-6"/>
      </object_component>
      <object_component id="oc-10f">
         <name>.debug_info</name>
         <load_address>0x7a446</load_address>
         <run_address>0x7a446</run_address>
         <size>0x36b5</size>
         <input_file_ref idref="fl-7"/>
      </object_component>
      <object_component id="oc-114">
         <name>.debug_info</name>
         <load_address>0x7dafb</load_address>
         <run_address>0x7dafb</run_address>
         <size>0x67c9</size>
         <input_file_ref idref="fl-8"/>
      </object_component>
      <object_component id="oc-119">
         <name>.debug_info</name>
         <load_address>0x842c4</load_address>
         <run_address>0x842c4</run_address>
         <size>0xc1e0</size>
         <input_file_ref idref="fl-9"/>
      </object_component>
      <object_component id="oc-11e">
         <name>.debug_info</name>
         <load_address>0x904a4</load_address>
         <run_address>0x904a4</run_address>
         <size>0x3e93</size>
         <input_file_ref idref="fl-a"/>
      </object_component>
      <object_component id="oc-125">
         <name>.debug_info</name>
         <load_address>0x94337</load_address>
         <run_address>0x94337</run_address>
         <size>0x160</size>
         <input_file_ref idref="fl-b"/>
      </object_component>
      <object_component id="oc-129">
         <name>.debug_info</name>
         <load_address>0x94497</load_address>
         <run_address>0x94497</run_address>
         <size>0x15132</size>
         <input_file_ref idref="fl-c"/>
      </object_component>
      <object_component id="oc-133">
         <name>.debug_info</name>
         <load_address>0xa95c9</load_address>
         <run_address>0xa95c9</run_address>
         <size>0xe7</size>
         <input_file_ref idref="fl-d"/>
      </object_component>
      <object_component id="oc-139">
         <name>.debug_info</name>
         <load_address>0xa96b0</load_address>
         <run_address>0xa96b0</run_address>
         <size>0xea</size>
         <input_file_ref idref="fl-e"/>
      </object_component>
      <object_component id="oc-13d">
         <name>.debug_info</name>
         <load_address>0xa979a</load_address>
         <run_address>0xa979a</run_address>
         <size>0x5ec</size>
         <input_file_ref idref="fl-1f"/>
      </object_component>
      <object_component id="oc-143">
         <name>.debug_info</name>
         <load_address>0xa9d86</load_address>
         <run_address>0xa9d86</run_address>
         <size>0x8af</size>
         <input_file_ref idref="fl-20"/>
      </object_component>
      <object_component id="oc-149">
         <name>.debug_info</name>
         <load_address>0xaa635</load_address>
         <run_address>0xaa635</run_address>
         <size>0x423</size>
         <input_file_ref idref="fl-21"/>
      </object_component>
      <object_component id="oc-14e">
         <name>.debug_info</name>
         <load_address>0xaaa58</load_address>
         <run_address>0xaaa58</run_address>
         <size>0x46a</size>
         <input_file_ref idref="fl-22"/>
      </object_component>
      <object_component id="oc-153">
         <name>.debug_info</name>
         <load_address>0xaaec2</load_address>
         <run_address>0xaaec2</run_address>
         <size>0x4f0</size>
         <input_file_ref idref="fl-23"/>
      </object_component>
      <object_component id="oc-15b">
         <name>.debug_info</name>
         <load_address>0xab3b2</load_address>
         <run_address>0xab3b2</run_address>
         <size>0x173</size>
         <input_file_ref idref="fl-24"/>
      </object_component>
      <object_component id="oc-160">
         <name>.debug_info</name>
         <load_address>0xab525</load_address>
         <run_address>0xab525</run_address>
         <size>0x114</size>
         <input_file_ref idref="fl-25"/>
      </object_component>
      <object_component id="oc-165">
         <name>.debug_info</name>
         <load_address>0xab639</load_address>
         <run_address>0xab639</run_address>
         <size>0x1a5</size>
         <input_file_ref idref="fl-26"/>
      </object_component>
      <object_component id="oc-169">
         <name>.debug_info</name>
         <load_address>0xab7de</load_address>
         <run_address>0xab7de</run_address>
         <size>0x587</size>
         <input_file_ref idref="fl-27"/>
      </object_component>
      <object_component id="oc-16e">
         <name>.debug_info</name>
         <load_address>0xabd65</load_address>
         <run_address>0xabd65</run_address>
         <size>0x482</size>
         <input_file_ref idref="fl-28"/>
      </object_component>
      <object_component id="oc-173">
         <name>.debug_info</name>
         <load_address>0xac1e7</load_address>
         <run_address>0xac1e7</run_address>
         <size>0x3f5</size>
         <input_file_ref idref="fl-29"/>
      </object_component>
      <object_component id="oc-178">
         <name>.debug_info</name>
         <load_address>0xac5dc</load_address>
         <run_address>0xac5dc</run_address>
         <size>0x3f2</size>
         <input_file_ref idref="fl-2a"/>
      </object_component>
      <object_component id="oc-17d">
         <name>.debug_info</name>
         <load_address>0xac9ce</load_address>
         <run_address>0xac9ce</run_address>
         <size>0x1c3</size>
         <input_file_ref idref="fl-2b"/>
      </object_component>
      <object_component id="oc-181">
         <name>.debug_info</name>
         <load_address>0xacb91</load_address>
         <run_address>0xacb91</run_address>
         <size>0x58c</size>
         <input_file_ref idref="fl-2c"/>
      </object_component>
      <object_component id="oc-188">
         <name>.debug_info</name>
         <load_address>0xad11d</load_address>
         <run_address>0xad11d</run_address>
         <size>0x514</size>
         <input_file_ref idref="fl-2d"/>
      </object_component>
      <object_component id="oc-18d">
         <name>.debug_info</name>
         <load_address>0xad631</load_address>
         <run_address>0xad631</run_address>
         <size>0x4af</size>
         <input_file_ref idref="fl-2e"/>
      </object_component>
      <object_component id="oc-192">
         <name>.debug_info</name>
         <load_address>0xadae0</load_address>
         <run_address>0xadae0</run_address>
         <size>0x425</size>
         <input_file_ref idref="fl-2f"/>
      </object_component>
      <object_component id="oc-197">
         <name>.debug_info</name>
         <load_address>0xadf05</load_address>
         <run_address>0xadf05</run_address>
         <size>0x460</size>
         <input_file_ref idref="fl-30"/>
      </object_component>
      <object_component id="oc-253">
         <name>.debug_info</name>
         <load_address>0xae365</load_address>
         <run_address>0xae365</run_address>
         <size>0x94</size>
      </object_component>
      <object_component id="oc-8c">
         <name>.debug_frame</name>
         <load_address>0x0</load_address>
         <run_address>0x0</run_address>
         <size>0x68</size>
         <input_file_ref idref="fl-2"/>
      </object_component>
      <object_component id="oc-98">
         <name>.debug_frame</name>
         <load_address>0x68</load_address>
         <run_address>0x68</run_address>
         <size>0x163c</size>
         <input_file_ref idref="fl-4"/>
      </object_component>
      <object_component id="oc-10b">
         <name>.debug_frame</name>
         <load_address>0x16a4</load_address>
         <run_address>0x16a4</run_address>
         <size>0x1b0</size>
         <input_file_ref idref="fl-6"/>
      </object_component>
      <object_component id="oc-110">
         <name>.debug_frame</name>
         <load_address>0x1854</load_address>
         <run_address>0x1854</run_address>
         <size>0x60</size>
         <input_file_ref idref="fl-7"/>
      </object_component>
      <object_component id="oc-115">
         <name>.debug_frame</name>
         <load_address>0x18b4</load_address>
         <run_address>0x18b4</run_address>
         <size>0x4c</size>
         <input_file_ref idref="fl-8"/>
      </object_component>
      <object_component id="oc-11a">
         <name>.debug_frame</name>
         <load_address>0x1900</load_address>
         <run_address>0x1900</run_address>
         <size>0x238</size>
         <input_file_ref idref="fl-9"/>
      </object_component>
      <object_component id="oc-120">
         <name>.debug_frame</name>
         <load_address>0x1b38</load_address>
         <run_address>0x1b38</run_address>
         <size>0x84</size>
         <input_file_ref idref="fl-a"/>
      </object_component>
      <object_component id="oc-12d">
         <name>.debug_frame</name>
         <load_address>0x1bbc</load_address>
         <run_address>0x1bbc</run_address>
         <size>0x320</size>
         <input_file_ref idref="fl-c"/>
      </object_component>
      <object_component id="oc-13f">
         <name>.debug_frame</name>
         <load_address>0x1edc</load_address>
         <run_address>0x1edc</run_address>
         <size>0x80</size>
         <input_file_ref idref="fl-1f"/>
      </object_component>
      <object_component id="oc-145">
         <name>.debug_frame</name>
         <load_address>0x1f5c</load_address>
         <run_address>0x1f5c</run_address>
         <size>0x94</size>
         <input_file_ref idref="fl-20"/>
      </object_component>
      <object_component id="oc-14a">
         <name>.debug_frame</name>
         <load_address>0x1ff0</load_address>
         <run_address>0x1ff0</run_address>
         <size>0x4c</size>
         <input_file_ref idref="fl-21"/>
      </object_component>
      <object_component id="oc-14f">
         <name>.debug_frame</name>
         <load_address>0x203c</load_address>
         <run_address>0x203c</run_address>
         <size>0x54</size>
         <input_file_ref idref="fl-22"/>
      </object_component>
      <object_component id="oc-155">
         <name>.debug_frame</name>
         <load_address>0x2090</load_address>
         <run_address>0x2090</run_address>
         <size>0x54</size>
         <input_file_ref idref="fl-23"/>
      </object_component>
      <object_component id="oc-16a">
         <name>.debug_frame</name>
         <load_address>0x20e4</load_address>
         <run_address>0x20e4</run_address>
         <size>0x68</size>
         <input_file_ref idref="fl-27"/>
      </object_component>
      <object_component id="oc-16f">
         <name>.debug_frame</name>
         <load_address>0x214c</load_address>
         <run_address>0x214c</run_address>
         <size>0x48</size>
         <input_file_ref idref="fl-28"/>
      </object_component>
      <object_component id="oc-174">
         <name>.debug_frame</name>
         <load_address>0x2194</load_address>
         <run_address>0x2194</run_address>
         <size>0x48</size>
         <input_file_ref idref="fl-29"/>
      </object_component>
      <object_component id="oc-179">
         <name>.debug_frame</name>
         <load_address>0x21dc</load_address>
         <run_address>0x21dc</run_address>
         <size>0x48</size>
         <input_file_ref idref="fl-2a"/>
      </object_component>
      <object_component id="oc-184">
         <name>.debug_frame</name>
         <load_address>0x2224</load_address>
         <run_address>0x2224</run_address>
         <size>0x68</size>
         <input_file_ref idref="fl-2c"/>
      </object_component>
      <object_component id="oc-189">
         <name>.debug_frame</name>
         <load_address>0x228c</load_address>
         <run_address>0x228c</run_address>
         <size>0x78</size>
         <input_file_ref idref="fl-2d"/>
      </object_component>
      <object_component id="oc-18e">
         <name>.debug_frame</name>
         <load_address>0x2304</load_address>
         <run_address>0x2304</run_address>
         <size>0x48</size>
         <input_file_ref idref="fl-2e"/>
      </object_component>
      <object_component id="oc-193">
         <name>.debug_frame</name>
         <load_address>0x234c</load_address>
         <run_address>0x234c</run_address>
         <size>0x48</size>
         <input_file_ref idref="fl-2f"/>
      </object_component>
      <object_component id="oc-199">
         <name>.debug_frame</name>
         <load_address>0x2394</load_address>
         <run_address>0x2394</run_address>
         <size>0x4c</size>
         <input_file_ref idref="fl-30"/>
      </object_component>
      <object_component id="oc-8d">
         <name>.debug_line</name>
         <load_address>0x0</load_address>
         <run_address>0x0</run_address>
         <size>0x163</size>
         <input_file_ref idref="fl-2"/>
      </object_component>
      <object_component id="oc-93">
         <name>.debug_line</name>
         <load_address>0x163</load_address>
         <run_address>0x163</run_address>
         <size>0xa6</size>
         <input_file_ref idref="fl-3"/>
      </object_component>
      <object_component id="oc-99">
         <name>.debug_line</name>
         <load_address>0x209</load_address>
         <run_address>0x209</run_address>
         <size>0xd22</size>
         <input_file_ref idref="fl-4"/>
      </object_component>
      <object_component id="oc-10c">
         <name>.debug_line</name>
         <load_address>0xf2b</load_address>
         <run_address>0xf2b</run_address>
         <size>0x2ac</size>
         <input_file_ref idref="fl-6"/>
      </object_component>
      <object_component id="oc-111">
         <name>.debug_line</name>
         <load_address>0x11d7</load_address>
         <run_address>0x11d7</run_address>
         <size>0xca</size>
         <input_file_ref idref="fl-7"/>
      </object_component>
      <object_component id="oc-116">
         <name>.debug_line</name>
         <load_address>0x12a1</load_address>
         <run_address>0x12a1</run_address>
         <size>0xac</size>
         <input_file_ref idref="fl-8"/>
      </object_component>
      <object_component id="oc-11b">
         <name>.debug_line</name>
         <load_address>0x134d</load_address>
         <run_address>0x134d</run_address>
         <size>0x586</size>
         <input_file_ref idref="fl-9"/>
      </object_component>
      <object_component id="oc-121">
         <name>.debug_line</name>
         <load_address>0x18d3</load_address>
         <run_address>0x18d3</run_address>
         <size>0xe0</size>
         <input_file_ref idref="fl-a"/>
      </object_component>
      <object_component id="oc-126">
         <name>.debug_line</name>
         <load_address>0x19b3</load_address>
         <run_address>0x19b3</run_address>
         <size>0x8d</size>
         <input_file_ref idref="fl-b"/>
      </object_component>
      <object_component id="oc-12e">
         <name>.debug_line</name>
         <load_address>0x1a40</load_address>
         <run_address>0x1a40</run_address>
         <size>0x394</size>
         <input_file_ref idref="fl-c"/>
      </object_component>
      <object_component id="oc-134">
         <name>.debug_line</name>
         <load_address>0x1dd4</load_address>
         <run_address>0x1dd4</run_address>
         <size>0x74</size>
         <input_file_ref idref="fl-d"/>
      </object_component>
      <object_component id="oc-13a">
         <name>.debug_line</name>
         <load_address>0x1e48</load_address>
         <run_address>0x1e48</run_address>
         <size>0x80</size>
         <input_file_ref idref="fl-e"/>
      </object_component>
      <object_component id="oc-140">
         <name>.debug_line</name>
         <load_address>0x1ec8</load_address>
         <run_address>0x1ec8</run_address>
         <size>0xe6</size>
         <input_file_ref idref="fl-1f"/>
      </object_component>
      <object_component id="oc-146">
         <name>.debug_line</name>
         <load_address>0x1fae</load_address>
         <run_address>0x1fae</run_address>
         <size>0x21b</size>
         <input_file_ref idref="fl-20"/>
      </object_component>
      <object_component id="oc-14b">
         <name>.debug_line</name>
         <load_address>0x21c9</load_address>
         <run_address>0x21c9</run_address>
         <size>0x57</size>
         <input_file_ref idref="fl-21"/>
      </object_component>
      <object_component id="oc-150">
         <name>.debug_line</name>
         <load_address>0x2220</load_address>
         <run_address>0x2220</run_address>
         <size>0x58</size>
         <input_file_ref idref="fl-22"/>
      </object_component>
      <object_component id="oc-156">
         <name>.debug_line</name>
         <load_address>0x2278</load_address>
         <run_address>0x2278</run_address>
         <size>0x70</size>
         <input_file_ref idref="fl-23"/>
      </object_component>
      <object_component id="oc-15c">
         <name>.debug_line</name>
         <load_address>0x22e8</load_address>
         <run_address>0x22e8</run_address>
         <size>0x7e</size>
         <input_file_ref idref="fl-24"/>
      </object_component>
      <object_component id="oc-161">
         <name>.debug_line</name>
         <load_address>0x2366</load_address>
         <run_address>0x2366</run_address>
         <size>0xad</size>
         <input_file_ref idref="fl-25"/>
      </object_component>
      <object_component id="oc-166">
         <name>.debug_line</name>
         <load_address>0x2413</load_address>
         <run_address>0x2413</run_address>
         <size>0x8e</size>
         <input_file_ref idref="fl-26"/>
      </object_component>
      <object_component id="oc-16b">
         <name>.debug_line</name>
         <load_address>0x24a1</load_address>
         <run_address>0x24a1</run_address>
         <size>0x50</size>
         <input_file_ref idref="fl-27"/>
      </object_component>
      <object_component id="oc-170">
         <name>.debug_line</name>
         <load_address>0x24f1</load_address>
         <run_address>0x24f1</run_address>
         <size>0x62</size>
         <input_file_ref idref="fl-28"/>
      </object_component>
      <object_component id="oc-175">
         <name>.debug_line</name>
         <load_address>0x2553</load_address>
         <run_address>0x2553</run_address>
         <size>0x3e</size>
         <input_file_ref idref="fl-29"/>
      </object_component>
      <object_component id="oc-17a">
         <name>.debug_line</name>
         <load_address>0x2591</load_address>
         <run_address>0x2591</run_address>
         <size>0x3a</size>
         <input_file_ref idref="fl-2a"/>
      </object_component>
      <object_component id="oc-185">
         <name>.debug_line</name>
         <load_address>0x25cb</load_address>
         <run_address>0x25cb</run_address>
         <size>0x65</size>
         <input_file_ref idref="fl-2c"/>
      </object_component>
      <object_component id="oc-18a">
         <name>.debug_line</name>
         <load_address>0x2630</load_address>
         <run_address>0x2630</run_address>
         <size>0x5e</size>
         <input_file_ref idref="fl-2d"/>
      </object_component>
      <object_component id="oc-18f">
         <name>.debug_line</name>
         <load_address>0x268e</load_address>
         <run_address>0x268e</run_address>
         <size>0x55</size>
         <input_file_ref idref="fl-2e"/>
      </object_component>
      <object_component id="oc-194">
         <name>.debug_line</name>
         <load_address>0x26e3</load_address>
         <run_address>0x26e3</run_address>
         <size>0x4c</size>
         <input_file_ref idref="fl-2f"/>
      </object_component>
      <object_component id="oc-19a">
         <name>.debug_line</name>
         <load_address>0x272f</load_address>
         <run_address>0x272f</run_address>
         <size>0x81</size>
         <input_file_ref idref="fl-30"/>
      </object_component>
      <object_component id="oc-8e">
         <name>.debug_abbrev</name>
         <load_address>0x0</load_address>
         <run_address>0x0</run_address>
         <size>0x13c</size>
         <input_file_ref idref="fl-2"/>
      </object_component>
      <object_component id="oc-94">
         <name>.debug_abbrev</name>
         <load_address>0x13c</load_address>
         <run_address>0x13c</run_address>
         <size>0x21</size>
         <input_file_ref idref="fl-3"/>
      </object_component>
      <object_component id="oc-9a">
         <name>.debug_abbrev</name>
         <load_address>0x15d</load_address>
         <run_address>0x15d</run_address>
         <size>0xb6</size>
         <input_file_ref idref="fl-4"/>
      </object_component>
      <object_component id="oc-109">
         <name>.debug_abbrev</name>
         <load_address>0x213</load_address>
         <run_address>0x213</run_address>
         <size>0xcb</size>
         <input_file_ref idref="fl-5"/>
      </object_component>
      <object_component id="oc-10d">
         <name>.debug_abbrev</name>
         <load_address>0x2de</load_address>
         <run_address>0x2de</run_address>
         <size>0x191</size>
         <input_file_ref idref="fl-6"/>
      </object_component>
      <object_component id="oc-112">
         <name>.debug_abbrev</name>
         <load_address>0x46f</load_address>
         <run_address>0x46f</run_address>
         <size>0xc8</size>
         <input_file_ref idref="fl-7"/>
      </object_component>
      <object_component id="oc-117">
         <name>.debug_abbrev</name>
         <load_address>0x537</load_address>
         <run_address>0x537</run_address>
         <size>0x116</size>
         <input_file_ref idref="fl-8"/>
      </object_component>
      <object_component id="oc-11c">
         <name>.debug_abbrev</name>
         <load_address>0x64d</load_address>
         <run_address>0x64d</run_address>
         <size>0x1b5</size>
         <input_file_ref idref="fl-9"/>
      </object_component>
      <object_component id="oc-122">
         <name>.debug_abbrev</name>
         <load_address>0x802</load_address>
         <run_address>0x802</run_address>
         <size>0x170</size>
         <input_file_ref idref="fl-a"/>
      </object_component>
      <object_component id="oc-127">
         <name>.debug_abbrev</name>
         <load_address>0x972</load_address>
         <run_address>0x972</run_address>
         <size>0x2f</size>
         <input_file_ref idref="fl-b"/>
      </object_component>
      <object_component id="oc-12f">
         <name>.debug_abbrev</name>
         <load_address>0x9a1</load_address>
         <run_address>0x9a1</run_address>
         <size>0x20f</size>
         <input_file_ref idref="fl-c"/>
      </object_component>
      <object_component id="oc-135">
         <name>.debug_abbrev</name>
         <load_address>0xbb0</load_address>
         <run_address>0xbb0</run_address>
         <size>0x2f</size>
         <input_file_ref idref="fl-d"/>
      </object_component>
      <object_component id="oc-13b">
         <name>.debug_abbrev</name>
         <load_address>0xbdf</load_address>
         <run_address>0xbdf</run_address>
         <size>0x2f</size>
         <input_file_ref idref="fl-e"/>
      </object_component>
      <object_component id="oc-141">
         <name>.debug_abbrev</name>
         <load_address>0xc0e</load_address>
         <run_address>0xc0e</run_address>
         <size>0xd1</size>
         <input_file_ref idref="fl-1f"/>
      </object_component>
      <object_component id="oc-147">
         <name>.debug_abbrev</name>
         <load_address>0xcdf</load_address>
         <run_address>0xcdf</run_address>
         <size>0xea</size>
         <input_file_ref idref="fl-20"/>
      </object_component>
      <object_component id="oc-14c">
         <name>.debug_abbrev</name>
         <load_address>0xdc9</load_address>
         <run_address>0xdc9</run_address>
         <size>0xa4</size>
         <input_file_ref idref="fl-21"/>
      </object_component>
      <object_component id="oc-151">
         <name>.debug_abbrev</name>
         <load_address>0xe6d</load_address>
         <run_address>0xe6d</run_address>
         <size>0xc6</size>
         <input_file_ref idref="fl-22"/>
      </object_component>
      <object_component id="oc-157">
         <name>.debug_abbrev</name>
         <load_address>0xf33</load_address>
         <run_address>0xf33</run_address>
         <size>0xd6</size>
         <input_file_ref idref="fl-23"/>
      </object_component>
      <object_component id="oc-15d">
         <name>.debug_abbrev</name>
         <load_address>0x1009</load_address>
         <run_address>0x1009</run_address>
         <size>0x46</size>
         <input_file_ref idref="fl-24"/>
      </object_component>
      <object_component id="oc-162">
         <name>.debug_abbrev</name>
         <load_address>0x104f</load_address>
         <run_address>0x104f</run_address>
         <size>0x38</size>
         <input_file_ref idref="fl-25"/>
      </object_component>
      <object_component id="oc-167">
         <name>.debug_abbrev</name>
         <load_address>0x1087</load_address>
         <run_address>0x1087</run_address>
         <size>0x38</size>
         <input_file_ref idref="fl-26"/>
      </object_component>
      <object_component id="oc-16c">
         <name>.debug_abbrev</name>
         <load_address>0x10bf</load_address>
         <run_address>0x10bf</run_address>
         <size>0xe3</size>
         <input_file_ref idref="fl-27"/>
      </object_component>
      <object_component id="oc-171">
         <name>.debug_abbrev</name>
         <load_address>0x11a2</load_address>
         <run_address>0x11a2</run_address>
         <size>0xa8</size>
         <input_file_ref idref="fl-28"/>
      </object_component>
      <object_component id="oc-176">
         <name>.debug_abbrev</name>
         <load_address>0x124a</load_address>
         <run_address>0x124a</run_address>
         <size>0x68</size>
         <input_file_ref idref="fl-29"/>
      </object_component>
      <object_component id="oc-17b">
         <name>.debug_abbrev</name>
         <load_address>0x12b2</load_address>
         <run_address>0x12b2</run_address>
         <size>0x66</size>
         <input_file_ref idref="fl-2a"/>
      </object_component>
      <object_component id="oc-180">
         <name>.debug_abbrev</name>
         <load_address>0x1318</load_address>
         <run_address>0x1318</run_address>
         <size>0x31</size>
         <input_file_ref idref="fl-2b"/>
      </object_component>
      <object_component id="oc-186">
         <name>.debug_abbrev</name>
         <load_address>0x1349</load_address>
         <run_address>0x1349</run_address>
         <size>0x130</size>
         <input_file_ref idref="fl-2c"/>
      </object_component>
      <object_component id="oc-18b">
         <name>.debug_abbrev</name>
         <load_address>0x1479</load_address>
         <run_address>0x1479</run_address>
         <size>0xb2</size>
         <input_file_ref idref="fl-2d"/>
      </object_component>
      <object_component id="oc-190">
         <name>.debug_abbrev</name>
         <load_address>0x152b</load_address>
         <run_address>0x152b</run_address>
         <size>0xee</size>
         <input_file_ref idref="fl-2e"/>
      </object_component>
      <object_component id="oc-195">
         <name>.debug_abbrev</name>
         <load_address>0x1619</load_address>
         <run_address>0x1619</run_address>
         <size>0x8f</size>
         <input_file_ref idref="fl-2f"/>
      </object_component>
      <object_component id="oc-19b">
         <name>.debug_abbrev</name>
         <load_address>0x16a8</load_address>
         <run_address>0x16a8</run_address>
         <size>0x9f</size>
         <input_file_ref idref="fl-30"/>
      </object_component>
      <object_component id="oc-254">
         <name>.debug_abbrev</name>
         <load_address>0x1747</load_address>
         <run_address>0x1747</run_address>
         <size>0xf</size>
      </object_component>
      <object_component id="oc-8f">
         <name>.debug_aranges</name>
         <load_address>0x0</load_address>
         <run_address>0x0</run_address>
         <size>0x28</size>
         <input_file_ref idref="fl-2"/>
      </object_component>
      <object_component id="oc-95">
         <name>.debug_aranges</name>
         <load_address>0x28</load_address>
         <run_address>0x28</run_address>
         <size>0x28</size>
         <input_file_ref idref="fl-3"/>
      </object_component>
      <object_component id="oc-9b">
         <name>.debug_aranges</name>
         <load_address>0x50</load_address>
         <run_address>0x50</run_address>
         <size>0x480</size>
         <input_file_ref idref="fl-4"/>
      </object_component>
      <object_component id="oc-10e">
         <name>.debug_aranges</name>
         <load_address>0x4d0</load_address>
         <run_address>0x4d0</run_address>
         <size>0x88</size>
         <input_file_ref idref="fl-6"/>
      </object_component>
      <object_component id="oc-113">
         <name>.debug_aranges</name>
         <load_address>0x558</load_address>
         <run_address>0x558</run_address>
         <size>0x28</size>
         <input_file_ref idref="fl-7"/>
      </object_component>
      <object_component id="oc-118">
         <name>.debug_aranges</name>
         <load_address>0x580</load_address>
         <run_address>0x580</run_address>
         <size>0x20</size>
         <input_file_ref idref="fl-8"/>
      </object_component>
      <object_component id="oc-11d">
         <name>.debug_aranges</name>
         <load_address>0x5a0</load_address>
[...]
         <value>0x5040</value>
         <object_component_ref idref="oc-bd"/>
      </symbol>
      <symbol id="sm-3c7">
         <name>_Cmpss8Regs</name>
         <value>0x5d60</value>
         <object_component_ref idref="oc-c7"/>
      </symbol>
      <symbol id="sm-3c8">
         <name>_EQep3Regs</name>
         <value>0x5180</value>
         <object_component_ref idref="oc-cf"/>
      </symbol>
      <symbol id="sm-3c9">
         <name>_SyncSocRegs</name>
         <value>0x7940</value>
         <object_component_ref idref="oc-a1"/>
      </symbol>
      <symbol id="sm-3ca">
         <name>_EPwm9Regs</name>
         <value>0x4800</value>
         <object_component_ref idref="oc-fc"/>
      </symbol>
      <symbol id="sm-3cb">
         <name>_NmiIntruptRegs</name>
         <value>0x7060</value>
         <object_component_ref idref="oc-a4"/>
      </symbol>
      <symbol id="sm-3cc">
         <name>_EPwm3Regs</name>
         <value>0x4200</value>
         <object_component_ref idref="oc-f9"/>
      </symbol>
      <symbol id="sm-3cd">
         <name>_Flash1EccRegs</name>
         <value>0x5ff00</value>
         <object_component_ref idref="oc-d3"/>
      </symbol>
      <symbol id="sm-3ce">
         <name>_I2caRegs</name>
         <value>0x7300</value>
         <object_component_ref idref="oc-cb"/>
      </symbol>
      <symbol id="sm-3ef">
         <name>_GPIO_SetupLock</name>
         <value>0xb6e1</value>
         <object_component_ref idref="oc-1ac"/>
      </symbol>
      <symbol id="sm-3f0">
         <name>_GPIO_SetupXINT4Gpio</name>
         <value>0xb728</value>
         <object_component_ref idref="oc-1ac"/>
      </symbol>
      <symbol id="sm-3f1">
         <name>_InitGpio</name>
         <value>0xb585</value>
         <object_component_ref idref="oc-1ac"/>
      </symbol>
      <symbol id="sm-3f2">
         <name>_GPIO_SetupXINT5Gpio</name>
         <value>0xb732</value>
         <object_component_ref idref="oc-1ac"/>
      </symbol>
      <symbol id="sm-3f3">
         <name>_GPIO_EnableUnbondedIOPullupsFor176Pin</name>
         <value>0xb73c</value>
         <object_component_ref idref="oc-1ac"/>
      </symbol>
      <symbol id="sm-3f4">
         <name>_GPIO_SetupXINT2Gpio</name>
         <value>0xb714</value>
         <object_component_ref idref="oc-1ac"/>
      </symbol>
      <symbol id="sm-3f5">
         <name>_GPIO_SetupXINT3Gpio</name>
         <value>0xb71e</value>
         <object_component_ref idref="oc-1ac"/>
      </symbol>
      <symbol id="sm-3f6">
         <name>_GPIO_WritePin</name>
         <value>0xb7a7</value>
         <object_component_ref idref="oc-1ac"/>
      </symbol>
      <symbol id="sm-3f7">
         <name>_GPIO_SetupPinOptions</name>
         <value>0xb64d</value>
         <object_component_ref idref="oc-1ac"/>
      </symbol>
      <symbol id="sm-3f8">
         <name>_GPIO_EnableUnbondedIOPullups</name>
         <value>0xb77a</value>
         <object_component_ref idref="oc-1ac"/>
      </symbol>
      <symbol id="sm-3f9">
         <name>_GPIO_SetupXINT1Gpio</name>
         <value>0xb70a</value>
         <object_component_ref idref="oc-1ac"/>
      </symbol>
      <symbol id="sm-3fa">
         <name>_GPIO_SetupPinMux</name>
         <value>0xb5c5</value>
         <object_component_ref idref="oc-1ac"/>
      </symbol>
      <symbol id="sm-3fb">
         <name>_GPIO_EnableUnbondedIOPullupsFor100Pin</name>
         <value>0xb755</value>
         <object_component_ref idref="oc-1ac"/>
      </symbol>
      <symbol id="sm-3fc">
         <name>_GPIO_ReadPin</name>
         <value>0xb790</value>
         <object_component_ref idref="oc-1ac"/>
      </symbol>
      <symbol id="sm-408">
         <name>_InitPieCtrl</name>
         <value>0x9208</value>
         <object_component_ref idref="oc-1ad"/>
      </symbol>
      <symbol id="sm-409">
         <name>_EnableInterrupts</name>
         <value>0x9227</value>
         <object_component_ref idref="oc-1ad"/>
      </symbol>
      <symbol id="sm-419">
         <name>_PieVectTableInit</name>
         <value>0xa800</value>
         <object_component_ref idref="oc-1ba"/>
      </symbol>
      <symbol id="sm-41a">
         <name>_InitPieVectTable</name>
         <value>0x9230</value>
         <object_component_ref idref="oc-1ae"/>
      </symbol>
      <symbol id="sm-45c">
         <name>_InitSysPll</name>
         <value>0x8111</value>
         <object_component_ref idref="oc-1ab"/>
      </symbol>
      <symbol id="sm-45d">
         <name>_DisablePeripheralClocks</name>
         <value>0x80b5</value>
         <object_component_ref idref="oc-1ab"/>
      </symbol>
      <symbol id="sm-45e">
         <name>_DisableDog</name>
         <value>0x8103</value>
         <object_component_ref idref="oc-1ab"/>
      </symbol>
      <symbol id="sm-45f">
         <name>_SysIntOsc2Sel</name>
         <value>0x841f</value>
         <object_component_ref idref="oc-1ab"/>
      </symbol>
      <symbol id="sm-460">
         <name>_ReleaseFlashPump</name>
         <value>0x80eb</value>
         <object_component_ref idref="oc-1ab"/>
      </symbol>
      <symbol id="sm-461">
         <name>_HALT</name>
         <value>0x8477</value>
         <object_component_ref idref="oc-1ab"/>
      </symbol>
      <symbol id="sm-462">
         <name>_IDLE</name>
         <value>0x8463</value>
         <object_component_ref idref="oc-1ab"/>
      </symbol>
      <symbol id="sm-463">
         <name>_InitPeripheralClocks</name>
         <value>0x8031</value>
         <object_component_ref idref="oc-1ab"/>
      </symbol>
      <symbol id="sm-464">
         <name>_SysXtalOscSel</name>
         <value>0x8433</value>
         <object_component_ref idref="oc-1ab"/>
      </symbol>
      <symbol id="sm-465">
         <name>_CsmUnlock</name>
         <value>0x83ee</value>
         <object_component_ref idref="oc-1ab"/>
      </symbol>
      <symbol id="sm-466">
         <name>_SysIntOsc1Sel</name>
         <value>0x840f</value>
         <object_component_ref idref="oc-1ab"/>
      </symbol>
      <symbol id="sm-467">
         <name>_ServiceDog</name>
         <value>0x80f5</value>
         <object_component_ref idref="oc-1ab"/>
      </symbol>
      <symbol id="sm-468">
         <name>_HIB</name>
         <value>0x8488</value>
         <object_component_ref idref="oc-1ab"/>
      </symbol>
      <symbol id="sm-469">
         <name>_AuxAuxClkSel</name>
         <value>0x8459</value>
         <object_component_ref idref="oc-1ab"/>
      </symbol>
      <symbol id="sm-46a">
         <name>_AuxIntOsc2Sel</name>
         <value>0x8443</value>
         <object_component_ref idref="oc-1ab"/>
      </symbol>
      <symbol id="sm-46b">
         <name>_InitAuxPll</name>
         <value>0x82ff</value>
         <object_component_ref idref="oc-1ab"/>
      </symbol>
      <symbol id="sm-46c">
         <name>_InitSysCtrl</name>
         <value>0x8000</value>
         <object_component_ref idref="oc-1ab"/>
      </symbol>
      <symbol id="sm-46d">
         <name>_SeizeFlashPump_Bank1</name>
         <value>0x80dc</value>
         <object_component_ref idref="oc-1ab"/>
      </symbol>
      <symbol id="sm-46e">
         <name>_SeizeFlashPump_Bank0</name>
         <value>0x80cd</value>
         <object_component_ref idref="oc-1ab"/>
      </symbol>
      <symbol id="sm-46f">
         <name>_STANDBY</name>
         <value>0x846c</value>
         <object_component_ref idref="oc-1ab"/>
      </symbol>
      <symbol id="sm-470">
         <name>_AuxXtalOscSel</name>
         <value>0x844d</value>
         <object_component_ref idref="oc-1ab"/>
      </symbol>
      <symbol id="sm-480">
         <name>_tempSensor_tempSlope</name>
         <value>0xaa26</value>
         <object_component_ref idref="oc-11f"/>
      </symbol>
      <symbol id="sm-481">
         <name>_tempSensor_tempOffset</name>
         <value>0xaa22</value>
         <object_component_ref idref="oc-11f"/>
      </symbol>
      <symbol id="sm-482">
         <name>_tempSensor_scaleFactor</name>
         <value>0xaa24</value>
         <object_component_ref idref="oc-11f"/>
      </symbol>
      <symbol id="sm-483">
         <name>_InitTempSensor</name>
         <value>0x9000</value>
         <object_component_ref idref="oc-1a2"/>
      </symbol>
      <symbol id="sm-484">
         <name>_GetTemperatureK</name>
         <value>0x908e</value>
         <object_component_ref idref="oc-1a2"/>
      </symbol>
      <symbol id="sm-485">
         <name>_GetTemperatureC</name>
         <value>0x904d</value>
         <object_component_ref idref="oc-1a2"/>
      </symbol>
      <symbol id="sm-491">
         <name>_F28x_usDelay</name>
         <value>0x18a</value>
         <object_component_ref idref="oc-124"/>
      </symbol>
      <symbol id="sm-4c3">
         <name>_reverb</name>
         <value>0x868b</value>
         <object_component_ref idref="oc-1a3"/>
      </symbol>
      <symbol id="sm-4c4">
         <name>_main</name>
         <value>0x86ee</value>
         <object_component_ref idref="oc-1a3"/>
      </symbol>
      <symbol id="sm-4c5">
         <name>_freqOSC</name>
         <value>0x849c</value>
         <object_component_ref idref="oc-1a3"/>
      </symbol>
      <symbol id="sm-4c6">
         <name>_expRev1</name>
         <value>0xaa4c</value>
         <object_component_ref idref="oc-12b"/>
      </symbol>
      <symbol id="sm-4c7">
         <name>_expRev2</name>
         <value>0xaa56</value>
         <object_component_ref idref="oc-12b"/>
      </symbol>
      <symbol id="sm-4c8">
         <name>_ADCB1_AUDIO_isr</name>
         <value>0x8bc5</value>
         <object_component_ref idref="oc-12c"/>
      </symbol>
      <symbol id="sm-4c9">
         <name>_valor</name>
         <value>0xaa43</value>
         <object_component_ref idref="oc-12b"/>
      </symbol>
      <symbol id="sm-4ca">
         <name>_limpiador</name>
         <value>0xaa41</value>
         <object_component_ref idref="oc-12b"/>
      </symbol>
      <symbol id="sm-4cb">
         <name>_configEPWM</name>
         <value>0x84eb</value>
         <object_component_ref idref="oc-1a3"/>
      </symbol>
      <symbol id="sm-4cc">
         <name>_saturacion</name>
         <value>0x8631</value>
         <object_component_ref idref="oc-1a3"/>
      </symbol>
      <symbol id="sm-4cd">
         <name>_retardo</name>
         <value>0x86c0</value>
         <object_component_ref idref="oc-1a3"/>
      </symbol>
      <symbol id="sm-4ce">
         <name>_configDACs</name>
         <value>0x857c</value>
         <object_component_ref idref="oc-1a3"/>
      </symbol>
      <symbol id="sm-4cf">
         <name>_configADCSOCs</name>
         <value>0x8527</value>
         <object_component_ref idref="oc-1a3"/>
      </symbol>
      <symbol id="sm-4d0">
         <name>_configScib</name>
         <value>0x859c</value>
         <object_component_ref idref="oc-1a3"/>
      </symbol>
      <symbol id="sm-4d1">
         <name>_efecto</name>
         <value>0xaa44</value>
         <object_component_ref idref="oc-12b"/>
      </symbol>
      <symbol id="sm-4d2">
         <name>_instruccion</name>
         <value>0xaa45</value>
         <object_component_ref idref="oc-12b"/>
      </symbol>
      <symbol id="sm-4d3">
         <name>_SCIB_inter</name>
         <value>0x8cb3</value>
         <object_component_ref idref="oc-12c"/>
      </symbol>
      <symbol id="sm-4d4">
         <name>_configTimer</name>
         <value>0x8513</value>
         <object_component_ref idref="oc-1a3"/>
      </symbol>
      <symbol id="sm-4d5">
         <name>_escalarADC</name>
         <value>0xaa46</value>
         <object_component_ref idref="oc-12b"/>
      </symbol>
      <symbol id="sm-4d6">
         <name>_filtros</name>
         <value>0xaa6a</value>
         <object_component_ref idref="oc-12b"/>
      </symbol>
      <symbol id="sm-4d7">
         <name>_charRecibido</name>
         <value>0xaa40</value>
         <object_component_ref idref="oc-12b"/>
      </symbol>
      <symbol id="sm-4d8">
         <name>_distorcion</name>
         <value>0x85b5</value>
         <object_component_ref idref="oc-1a3"/>
      </symbol>
      <symbol id="sm-4d9">
         <name>_sensorOrientacion</name>
         <value>0xaa48</value>
         <object_component_ref idref="oc-12b"/>
      </symbol>
      <symbol id="sm-4da">
         <name>_configADCs</name>
         <value>0x84bb</value>
         <object_component_ref idref="oc-1a3"/>
      </symbol>
      <symbol id="sm-4db">
         <name>_banderaEfecto</name>
         <value>0xaa42</value>
         <object_component_ref idref="oc-12b"/>
      </symbol>
      <symbol id="sm-4dc">
         <name>_ADCA1_TEMP_isr</name>
         <value>0x8b81</value>
         <object_component_ref idref="oc-12c"/>
      </symbol>
      <symbol id="sm-4f3">
         <name>_cleanSignal</name>
         <value>0x91a8</value>
         <object_component_ref idref="oc-131"/>
      </symbol>
      <symbol id="sm-4f4">
         <name>_sumSignal</name>
         <value>0x9192</value>
         <object_component_ref idref="oc-131"/>
      </symbol>
      <symbol id="sm-4f5">
         <name>_movSignal</name>
         <value>0x9178</value>
         <object_component_ref idref="oc-131"/>
      </symbol>
      <symbol id="sm-50e">
         <name>_sumSignalRev</name>
         <value>0x8fcb</value>
         <object_component_ref idref="oc-137"/>
      </symbol>
      <symbol id="sm-50f">
         <name>_cleanSignalRev</name>
         <value>0x8fed</value>
         <object_component_ref idref="oc-137"/>
      </symbol>
      <symbol id="sm-510">
         <name>_movSignalRev</name>
         <value>0x8faf</value>
         <object_component_ref idref="oc-137"/>
      </symbol>
      <symbol id="sm-53e">
         <name>_exp</name>
         <value>0x8d54</value>
         <object_component_ref idref="oc-1aa"/>
      </symbol>
      <symbol id="sm-53f">
         <name>_expf</name>
         <value>0x8d54</value>
         <object_component_ref idref="oc-1aa"/>
      </symbol>
      <symbol id="sm-596">
         <name>_powf</name>
         <value>0x8800</value>
         <object_component_ref idref="oc-1a9"/>
      </symbol>
      <symbol id="sm-597">
         <name>_pow</name>
         <value>0x8800</value>
         <object_component_ref idref="oc-1a9"/>
      </symbol>
      <symbol id="sm-5a7">
         <name>_sqrtf</name>
         <value>0x9256</value>
         <object_component_ref idref="oc-1b2"/>
      </symbol>
      <symbol id="sm-5a8">
         <name>_sqrt</name>
         <value>0x9256</value>
         <object_component_ref idref="oc-1b2"/>
      </symbol>
      <symbol id="sm-5b8">
         <name>_round</name>
         <value>0xb7c5</value>
         <object_component_ref idref="oc-1a4"/>
      </symbol>
      <symbol id="sm-5b9">
         <name>_roundf</name>
         <value>0xb7c5</value>
         <object_component_ref idref="oc-1a4"/>
      </symbol>
      <symbol id="sm-5d1">
         <name>_scalbn</name>
         <value>0x8f55</value>
         <object_component_ref idref="oc-1b6"/>
      </symbol>
      <symbol id="sm-5d2">
         <name>_ldexp</name>
         <value>0x8f55</value>
         <object_component_ref idref="oc-1b6"/>
      </symbol>
      <symbol id="sm-5d3">
         <name>_scalbnf</name>
         <value>0x8f55</value>
         <object_component_ref idref="oc-1b6"/>
      </symbol>
      <symbol id="sm-5d4">
         <name>_ldexpf</name>
         <value>0x8f55</value>
         <object_component_ref idref="oc-1b6"/>
      </symbol>
      <symbol id="sm-5ef">
         <name>_c_int00</name>
         <value>0x9122</value>
         <object_component_ref idref="oc-8a"/>
      </symbol>
      <symbol id="sm-5f0">
         <name>__stack</name>
         <value>0x400</value>
         <object_component_ref idref="oc-159"/>
      </symbol>
      <symbol id="sm-601">
         <name>FS$$DIV</name>
         <value>0x8753</value>
         <object_component_ref idref="oc-15f"/>
      </symbol>
      <symbol id="sm-60d">
         <name>UL$$MOD</name>
         <value>0x91d9</value>
         <object_component_ref idref="oc-164"/>
      </symbol>
      <symbol id="sm-60e">
         <name>L$$MOD</name>
         <value>0x91c4</value>
         <object_component_ref idref="oc-164"/>
      </symbol>
      <symbol id="sm-60f">
         <name>L$$DIV</name>
         <value>0x91b5</value>
         <object_component_ref idref="oc-164"/>
      </symbol>
      <symbol id="sm-610">
         <name>UL$$DIV</name>
         <value>0x91d2</value>
         <object_component_ref idref="oc-164"/>
      </symbol>
      <symbol id="sm-61f">
         <name>_copy_in</name>
         <value>0x87db</value>
         <object_component_ref idref="oc-19e"/>
      </symbol>
      <symbol id="sm-630">
         <name>_memcpy</name>
         <value>0x927c</value>
         <object_component_ref idref="oc-1a5"/>
      </symbol>
      <symbol id="sm-63c">
         <name>__system_pre_init</name>
         <value>0xb7fd</value>
         <object_component_ref idref="oc-19d"/>
      </symbol>
      <symbol id="sm-649">
         <name>__system_post_cinit</name>
         <value>0xb7ff</value>
         <object_component_ref idref="oc-19f"/>
      </symbol>
      <symbol id="sm-653">
         <name>_errno</name>
         <value>0xaa32</value>
         <object_component_ref idref="oc-17f"/>
      </symbol>
      <symbol id="sm-667">
         <name>C$$EXIT</name>
         <value>0x91df</value>
         <object_component_ref idref="oc-1a1"/>
      </symbol>
      <symbol id="sm-668">
         <name>_exit</name>
         <value>0x91e1</value>
         <object_component_ref idref="oc-1a1"/>
      </symbol>
      <symbol id="sm-669">
         <name>___TI_cleanup_ptr</name>
         <value>0xaa2a</value>
         <object_component_ref idref="oc-183"/>
      </symbol>
      <symbol id="sm-66a">
         <name>___TI_enable_exit_profile_output</name>
         <value>0xaa28</value>
         <object_component_ref idref="oc-183"/>
      </symbol>
      <symbol id="sm-66b">
         <name>_abort</name>
         <value>0x91df</value>
         <object_component_ref idref="oc-1a1"/>
      </symbol>
      <symbol id="sm-66c">
         <name>___TI_dtors_ptr</name>
         <value>0xaa2c</value>
         <object_component_ref idref="oc-183"/>
      </symbol>
      <symbol id="sm-680">
         <name>__unlock</name>
         <value>0xaa30</value>
         <object_component_ref idref="oc-1bb"/>
      </symbol>
      <symbol id="sm-681">
         <name>__lock</name>
         <value>0xaa2e</value>
         <object_component_ref idref="oc-1a6"/>
      </symbol>
      <symbol id="sm-682">
         <name>__register_lock</name>
         <value>0x92c8</value>
         <object_component_ref idref="oc-1b0"/>
      </symbol>
      <symbol id="sm-683">
         <name>__nop</name>
         <value>0x92cc</value>
         <object_component_ref idref="oc-1b0"/>
      </symbol>
      <symbol id="sm-684">
         <name>__register_unlock</name>
         <value>0x92c4</value>
         <object_component_ref idref="oc-1b0"/>
      </symbol>
      <symbol id="sm-693">
         <name>__args_main</name>
         <value>0x9299</value>
         <object_component_ref idref="oc-1a0"/>
      </symbol>
      <symbol id="sm-69f">
         <name>_copysignf</name>
         <value>0x92b2</value>
         <object_component_ref idref="oc-1bc"/>
      </symbol>
      <symbol id="sm-6a0">
         <name>_copysign</name>
         <value>0x92b2</value>
         <object_component_ref idref="oc-1bc"/>
      </symbol>
      <symbol id="sm-6b6">
         <name>_floorf</name>
         <value>0x90ca</value>
         <object_component_ref idref="oc-1af"/>
      </symbol>
      <symbol id="sm-6b7">
         <name>_floor</name>
         <value>0x90ca</value>
         <object_component_ref idref="oc-1af"/>
      </symbol>
   </symbol_table>
   <title>Link successful</title>
</link_info>
